ARM Linker, 5.03 [Build 24] [MDK-ARM Standard]

==============================================================================

Section Cross References

    main.o(.text) refers to rs485config.o(.text) for USART_OUT
    main.o(.text) refers to tasks.o(.text) for vTaskDelay
    main.o(.text) refers to magserv.o(.text) for MagToSpeed
    main.o(.text) refers to hardware.o(.text) for HardWareInit
    main.o(.text) refers to main.o(.data) for .data
    stm32f10x_rcc.o(.text) refers to stm32f10x_rcc.o(.data) for .data
    stm32f10x_gpio.o(.text) refers to stm32f10x_rcc.o(.text) for RCC_APB2PeriphResetCmd
    stm32f10x_spi.o(.text) refers to stm32f10x_rcc.o(.text) for RCC_APB2PeriphResetCmd
    stm32f10x_usart.o(.text) refers to stm32f10x_rcc.o(.text) for RCC_APB2PeriphResetCmd
    stm32f10x_i2c.o(.text) refers to stm32f10x_rcc.o(.text) for RCC_APB1PeriphResetCmd
    system_stm32f10x.o(.text) refers to system_stm32f10x.o(.data) for .data
    startup_stm32f10x_hd.o(STACK) refers (Special) to heapauxi.o(.text) for __use_two_region_memory
    startup_stm32f10x_hd.o(HEAP) refers (Special) to heapauxi.o(.text) for __use_two_region_memory
    startup_stm32f10x_hd.o(RESET) refers (Special) to heapauxi.o(.text) for __use_two_region_memory
    startup_stm32f10x_hd.o(RESET) refers to startup_stm32f10x_hd.o(STACK) for __initial_sp
    startup_stm32f10x_hd.o(RESET) refers to startup_stm32f10x_hd.o(.text) for Reset_Handler
    startup_stm32f10x_hd.o(RESET) refers to stm32f10x_it.o(.text) for NMI_Handler
    startup_stm32f10x_hd.o(RESET) refers to port.o(.emb_text) for vPortSVCHandler
    startup_stm32f10x_hd.o(RESET) refers to port.o(.text) for xPortSysTickHandler
    startup_stm32f10x_hd.o(RESET) refers to magserv.o(.text) for USART1_IRQHandler
    startup_stm32f10x_hd.o(RESET) refers to speedread.o(.text) for USART2_IRQHandler
    startup_stm32f10x_hd.o(.text) refers (Special) to heapauxi.o(.text) for __use_two_region_memory
    startup_stm32f10x_hd.o(.text) refers to system_stm32f10x.o(.text) for SystemInit
    startup_stm32f10x_hd.o(.text) refers to __main.o(!!!main) for __main
    startup_stm32f10x_hd.o(.text) refers to startup_stm32f10x_hd.o(HEAP) for Heap_Mem
    startup_stm32f10x_hd.o(.text) refers to startup_stm32f10x_hd.o(STACK) for Stack_Mem
    rs485config.o(.text) refers to stm32f10x_gpio.o(.text) for GPIO_Init
    rs485config.o(.text) refers to stm32f10x_usart.o(.text) for USART_SendData
    hardware.o(.text) refers to stm32f10x_usart.o(.text) for USART_Init
    hardware.o(.text) refers to stm32f10x_rcc.o(.text) for RCC_APB2PeriphClockCmd
    hardware.o(.text) refers to stm32f10x_gpio.o(.text) for GPIO_Init
    hardware.o(.text) refers to misc.o(.text) for NVIC_PriorityGroupConfig
    rs485communicate.o(.text) refers to fmul.o(x$fpl$fmul) for __aeabi_fmul
    rs485communicate.o(.text) refers to scalbnf.o(x$fpl$scalbnf) for __ARM_scalbnf
    rs485communicate.o(.text) refers to faddsub_clz.o(x$fpl$fsub) for __aeabi_fsub
    rs485communicate.o(.text) refers to fdiv.o(x$fpl$fdiv) for __aeabi_fdiv
    rs485communicate.o(.text) refers to ffix.o(x$fpl$ffix) for __aeabi_f2iz
    rs485communicate.o(.text) refers to faddsub_clz.o(x$fpl$fadd) for __aeabi_fadd
    rs485communicate.o(.text) refers to stm32f10x_gpio.o(.text) for GPIO_SetBits
    rs485communicate.o(.text) refers to rs485config.o(.text) for USART_OUT
    rs485communicate.o(.text) refers to tasks.o(.text) for vTaskDelay
    rs485communicate.o(.text) refers to rs485communicate.o(.data) for .data
    rs485communicate.o(.text) refers to rs485communicate.o(.constdata) for .constdata
    magserv.o(.text) refers to stm32f10x_usart.o(.text) for USART_GetITStatus
    magserv.o(.text) refers to frleqf.o(x$fpl$frleqf) for __aeabi_cfrcmple
    magserv.o(.text) refers to faddsub_clz.o(x$fpl$fadd) for __aeabi_fadd
    magserv.o(.text) refers to fleqf.o(x$fpl$fleqf) for __aeabi_cfcmple
    magserv.o(.text) refers to faddsub_clz.o(x$fpl$fsub) for __aeabi_fsub
    magserv.o(.text) refers to rs485communicate.o(.text) for SendSpeedToCtrl
    magserv.o(.text) refers to fflt_clz.o(x$fpl$ffltu) for __aeabi_ui2f
    magserv.o(.text) refers to fmul.o(x$fpl$fmul) for __aeabi_fmul
    magserv.o(.text) refers to fdiv.o(x$fpl$fdiv) for __aeabi_fdiv
    magserv.o(.text) refers to magserv.o(.bss) for .bss
    magserv.o(.text) refers to magserv.o(.data) for .data
    speedread.o(.text) refers to stm32f10x_usart.o(.text) for USART_GetITStatus
    heap_2.o(.text) refers to tasks.o(.text) for vTaskSuspendAll
    heap_2.o(.text) refers to heap_2.o(.data) for .data
    heap_2.o(.text) refers to heap_2.o(.bss) for .bss
    port.o(.emb_text) refers to tasks.o(.text) for vTaskSwitchContext
    port.o(.emb_text) refers to tasks.o(.data) for pxCurrentTCB
    port.o(.text) refers to port.o(.emb_text) for __asm___6_port_c_39a90d8d__prvStartFirstTask
    port.o(.text) refers to tasks.o(.text) for xTaskIncrementTick
    port.o(.text) refers to port.o(.data) for .data
    queue.o(.text) refers to port.o(.text) for vPortEnterCritical
    queue.o(.text) refers to list.o(.text) for vListInitialise
    queue.o(.text) refers to tasks.o(.text) for xTaskRemoveFromEventList
    queue.o(.text) refers to heap_2.o(.text) for pvPortMalloc
    queue.o(.text) refers to rt_memcpy_v6.o(.text) for __aeabi_memcpy
    tasks.o(.text) refers to port.o(.text) for vPortEnterCritical
    tasks.o(.text) refers to list.o(.text) for vListInitialise
    tasks.o(.text) refers to heap_2.o(.text) for pvPortMalloc
    tasks.o(.text) refers to tasks.o(.data) for .data
    tasks.o(.text) refers to tasks.o(.bss) for .bss
    rt_memcpy_v6.o(.text) refers to rt_memcpy_w.o(.text) for __aeabi_memcpy4
    __main.o(!!!main) refers to rtentry.o(.ARM.Collect$$rtentry$$00000000) for __rt_entry
    faddsub_clz.o(x$fpl$fadd) refers (Special) to usenofp.o(x$fpl$usenofp) for __I$use$fp
    faddsub_clz.o(x$fpl$fadd) refers to faddsub_clz.o(x$fpl$fsub) for _fsub1
    faddsub_clz.o(x$fpl$fadd) refers to fretinf.o(x$fpl$fretinf) for __fpl_fretinf
    faddsub_clz.o(x$fpl$fadd) refers to fnaninf.o(x$fpl$fnaninf) for __fpl_fnaninf
    faddsub_clz.o(x$fpl$frsb) refers (Special) to usenofp.o(x$fpl$usenofp) for __I$use$fp
    faddsub_clz.o(x$fpl$frsb) refers to faddsub_clz.o(x$fpl$fadd) for _fadd1
    faddsub_clz.o(x$fpl$frsb) refers to faddsub_clz.o(x$fpl$fsub) for _fsub1
    faddsub_clz.o(x$fpl$fsub) refers (Special) to usenofp.o(x$fpl$usenofp) for __I$use$fp
    faddsub_clz.o(x$fpl$fsub) refers to faddsub_clz.o(x$fpl$fadd) for _fadd1
    faddsub_clz.o(x$fpl$fsub) refers to fnaninf.o(x$fpl$fnaninf) for __fpl_fnaninf
    fdiv.o(x$fpl$frdiv) refers (Special) to usenofp.o(x$fpl$usenofp) for __I$use$fp
    fdiv.o(x$fpl$frdiv) refers to fdiv.o(x$fpl$fdiv) for _fdiv1
    fdiv.o(x$fpl$fdiv) refers (Special) to usenofp.o(x$fpl$usenofp) for __I$use$fp
    fdiv.o(x$fpl$fdiv) refers to fretinf.o(x$fpl$fretinf) for __fpl_fretinf
    fdiv.o(x$fpl$fdiv) refers to fnaninf.o(x$fpl$fnaninf) for __fpl_fnaninf
    ffix.o(x$fpl$ffix) refers (Special) to usenofp.o(x$fpl$usenofp) for __I$use$fp
    ffix.o(x$fpl$ffix) refers to fnaninf.o(x$fpl$fnaninf) for __fpl_fnaninf
    ffix.o(x$fpl$ffixr) refers (Special) to usenofp.o(x$fpl$usenofp) for __I$use$fp
    ffix.o(x$fpl$ffixr) refers to fnaninf.o(x$fpl$fnaninf) for __fpl_fnaninf
    fflt_clz.o(x$fpl$ffltu) refers (Special) to usenofp.o(x$fpl$usenofp) for __I$use$fp
    fflt_clz.o(x$fpl$fflt) refers (Special) to usenofp.o(x$fpl$usenofp) for __I$use$fp
    fflt_clz.o(x$fpl$ffltn) refers (Special) to usenofp.o(x$fpl$usenofp) for __I$use$fp
    fleqf.o(x$fpl$fleqf) refers (Special) to usenofp.o(x$fpl$usenofp) for __I$use$fp
    fleqf.o(x$fpl$fleqf) refers to fnaninf.o(x$fpl$fnaninf) for __fpl_fnaninf
    fleqf.o(x$fpl$fleqf) refers to fcmpi.o(x$fpl$fcmpinf) for __fpl_fcmp_Inf
    fmul.o(x$fpl$fmul) refers (Special) to usenofp.o(x$fpl$usenofp) for __I$use$fp
    fmul.o(x$fpl$fmul) refers to fretinf.o(x$fpl$fretinf) for __fpl_fretinf
    fmul.o(x$fpl$fmul) refers to fnaninf.o(x$fpl$fnaninf) for __fpl_fnaninf
    frleqf.o(x$fpl$frleqf) refers (Special) to usenofp.o(x$fpl$usenofp) for __I$use$fp
    frleqf.o(x$fpl$frleqf) refers to fleqf.o(x$fpl$fleqf) for __fpl_fcmple_InfNaN
    scalbnf.o(x$fpl$scalbnf) refers (Special) to usenofp.o(x$fpl$usenofp) for __I$use$fp
    scalbnf.o(x$fpl$scalbnf) refers to fcheck1.o(x$fpl$fcheck1) for __fpl_fcheck_NaN1
    rtentry.o(.ARM.Collect$$rtentry$$00000000) refers (Special) to rtentry2.o(.ARM.Collect$$rtentry$$0000000A) for __rt_entry_li
    rtentry.o(.ARM.Collect$$rtentry$$00000000) refers (Special) to rtentry2.o(.ARM.Collect$$rtentry$$0000000D) for __rt_entry_main
    rtentry.o(.ARM.Collect$$rtentry$$00000000) refers (Special) to rtentry2.o(.ARM.Collect$$rtentry$$0000000C) for __rt_entry_postli_1
    rtentry.o(.ARM.Collect$$rtentry$$00000000) refers (Special) to rtentry2.o(.ARM.Collect$$rtentry$$00000009) for __rt_entry_postsh_1
    rtentry.o(.ARM.Collect$$rtentry$$00000000) refers (Special) to rtentry2.o(.ARM.Collect$$rtentry$$00000002) for __rt_entry_presh_1
    rtentry.o(.ARM.Collect$$rtentry$$00000000) refers (Special) to rtentry4.o(.ARM.Collect$$rtentry$$00000004) for __rt_entry_sh
    fcheck1.o(x$fpl$fcheck1) refers (Special) to usenofp.o(x$fpl$usenofp) for __I$use$fp
    fcheck1.o(x$fpl$fcheck1) refers to retnan.o(x$fpl$retnan) for __fpl_return_NaN
    fcmpi.o(x$fpl$fcmpinf) refers (Special) to usenofp.o(x$fpl$usenofp) for __I$use$fp
    fnaninf.o(x$fpl$fnaninf) refers (Special) to usenofp.o(x$fpl$usenofp) for __I$use$fp
    fretinf.o(x$fpl$fretinf) refers (Special) to usenofp.o(x$fpl$usenofp) for __I$use$fp
    rtentry2.o(.ARM.Collect$$rtentry$$00000008) refers to boardinit2.o(.text) for _platform_post_stackheap_init
    rtentry2.o(.ARM.Collect$$rtentry$$0000000A) refers to libinit.o(.ARM.Collect$$libinit$$00000000) for __rt_lib_init
    rtentry2.o(.ARM.Collect$$rtentry$$0000000B) refers to boardinit3.o(.text) for _platform_post_lib_init
    rtentry2.o(.ARM.Collect$$rtentry$$0000000D) refers to main.o(.text) for main
    rtentry2.o(.ARM.Collect$$rtentry$$0000000D) refers to exit.o(.text) for exit
    rtentry2.o(.ARM.exidx) refers to rtentry2.o(.ARM.Collect$$rtentry$$00000001) for .ARM.Collect$$rtentry$$00000001
    rtentry2.o(.ARM.exidx) refers to rtentry2.o(.ARM.Collect$$rtentry$$00000008) for .ARM.Collect$$rtentry$$00000008
    rtentry2.o(.ARM.exidx) refers to rtentry2.o(.ARM.Collect$$rtentry$$0000000A) for .ARM.Collect$$rtentry$$0000000A
    rtentry2.o(.ARM.exidx) refers to rtentry2.o(.ARM.Collect$$rtentry$$0000000B) for .ARM.Collect$$rtentry$$0000000B
    rtentry2.o(.ARM.exidx) refers to rtentry2.o(.ARM.Collect$$rtentry$$0000000D) for .ARM.Collect$$rtentry$$0000000D
    rtentry4.o(.ARM.Collect$$rtentry$$00000004) refers to sys_stackheap_outer.o(.text) for __user_setup_stackheap
    rtentry4.o(.ARM.exidx) refers to rtentry4.o(.ARM.Collect$$rtentry$$00000004) for .ARM.Collect$$rtentry$$00000004
    retnan.o(x$fpl$retnan) refers (Special) to usenofp.o(x$fpl$usenofp) for __I$use$fp
    retnan.o(x$fpl$retnan) refers to trapv.o(x$fpl$trapveneer) for __fpl_cmpreturn
    sys_stackheap_outer.o(.text) refers to libspace.o(.text) for __user_perproc_libspace
    sys_stackheap_outer.o(.text) refers to startup_stm32f10x_hd.o(.text) for __user_initial_stackheap
    exit.o(.text) refers to rtexit.o(.ARM.Collect$$rtexit$$00000000) for __rt_exit
    libinit.o(.ARM.Collect$$libinit$$00000000) refers (Special) to libinit2.o(.ARM.Collect$$libinit$$0000002C) for __rt_lib_init_alloca_1
    libinit.o(.ARM.Collect$$libinit$$00000000) refers (Special) to libinit2.o(.ARM.Collect$$libinit$$0000002A) for __rt_lib_init_argv_1
    libinit.o(.ARM.Collect$$libinit$$00000000) refers (Special) to libinit2.o(.ARM.Collect$$libinit$$00000019) for __rt_lib_init_atexit_1
    libinit.o(.ARM.Collect$$libinit$$00000000) refers (Special) to libinit2.o(.ARM.Collect$$libinit$$0000001F) for __rt_lib_init_clock_1
    libinit.o(.ARM.Collect$$libinit$$00000000) refers (Special) to libinit2.o(.ARM.Collect$$libinit$$00000030) for __rt_lib_init_cpp_1
    libinit.o(.ARM.Collect$$libinit$$00000000) refers (Special) to libinit2.o(.ARM.Collect$$libinit$$0000002E) for __rt_lib_init_exceptions_1
    libinit.o(.ARM.Collect$$libinit$$00000000) refers (Special) to libinit2.o(.ARM.Collect$$libinit$$00000002) for __rt_lib_init_fp_1
    libinit.o(.ARM.Collect$$libinit$$00000000) refers (Special) to libinit2.o(.ARM.Collect$$libinit$$0000001D) for __rt_lib_init_fp_trap_1
    libinit.o(.ARM.Collect$$libinit$$00000000) refers (Special) to libinit2.o(.ARM.Collect$$libinit$$00000021) for __rt_lib_init_getenv_1
    libinit.o(.ARM.Collect$$libinit$$00000000) refers (Special) to libinit2.o(.ARM.Collect$$libinit$$00000008) for __rt_lib_init_heap_1
    libinit.o(.ARM.Collect$$libinit$$00000000) refers (Special) to libinit2.o(.ARM.Collect$$libinit$$0000000F) for __rt_lib_init_lc_collate_1
    libinit.o(.ARM.Collect$$libinit$$00000000) refers (Special) to libinit2.o(.ARM.Collect$$libinit$$00000011) for __rt_lib_init_lc_ctype_1
    libinit.o(.ARM.Collect$$libinit$$00000000) refers (Special) to libinit2.o(.ARM.Collect$$libinit$$00000013) for __rt_lib_init_lc_monetary_1
    libinit.o(.ARM.Collect$$libinit$$00000000) refers (Special) to libinit2.o(.ARM.Collect$$libinit$$00000015) for __rt_lib_init_lc_numeric_1
    libinit.o(.ARM.Collect$$libinit$$00000000) refers (Special) to libinit2.o(.ARM.Collect$$libinit$$00000017) for __rt_lib_init_lc_time_1
    libinit.o(.ARM.Collect$$libinit$$00000000) refers (Special) to libinit2.o(.ARM.Collect$$libinit$$0000000C) for __rt_lib_init_rand_1
    libinit.o(.ARM.Collect$$libinit$$00000000) refers (Special) to libinit2.o(.ARM.Collect$$libinit$$00000031) for __rt_lib_init_return
    libinit.o(.ARM.Collect$$libinit$$00000000) refers (Special) to libinit2.o(.ARM.Collect$$libinit$$0000001B) for __rt_lib_init_signal_1
    libinit.o(.ARM.Collect$$libinit$$00000000) refers (Special) to libinit2.o(.ARM.Collect$$libinit$$00000023) for __rt_lib_init_stdio_1
    libinit.o(.ARM.Collect$$libinit$$00000000) refers (Special) to libinit2.o(.ARM.Collect$$libinit$$0000000A) for __rt_lib_init_user_alloc_1
    trapv.o(x$fpl$trapveneer) refers (Special) to usenofp.o(x$fpl$usenofp) for __I$use$fp
    libspace.o(.text) refers to libspace.o(.bss) for __libspace_start
    rtexit.o(.ARM.Collect$$rtexit$$00000000) refers (Special) to rtexit2.o(.ARM.Collect$$rtexit$$00000004) for __rt_exit_exit
    rtexit.o(.ARM.Collect$$rtexit$$00000000) refers (Special) to rtexit2.o(.ARM.Collect$$rtexit$$00000003) for __rt_exit_ls
    rtexit.o(.ARM.Collect$$rtexit$$00000000) refers (Special) to rtexit2.o(.ARM.Collect$$rtexit$$00000002) for __rt_exit_prels_1
    rtexit.o(.ARM.exidx) refers (Special) to rtexit2.o(.ARM.Collect$$rtexit$$00000004) for __rt_exit_exit
    rtexit.o(.ARM.exidx) refers (Special) to rtexit2.o(.ARM.Collect$$rtexit$$00000003) for __rt_exit_ls
    rtexit.o(.ARM.exidx) refers (Special) to rtexit2.o(.ARM.Collect$$rtexit$$00000002) for __rt_exit_prels_1
    rtexit.o(.ARM.exidx) refers to rtexit.o(.ARM.Collect$$rtexit$$00000000) for .ARM.Collect$$rtexit$$00000000
    libinit2.o(.ARM.Collect$$libinit$$0000000E) refers to libinit2.o(.ARM.Collect$$libinit$$0000000D) for .ARM.Collect$$libinit$$0000000D
    libinit2.o(.ARM.Collect$$libinit$$00000010) refers to libinit2.o(.ARM.Collect$$libinit$$0000000D) for .ARM.Collect$$libinit$$0000000D
    libinit2.o(.ARM.Collect$$libinit$$00000012) refers to libinit2.o(.ARM.Collect$$libinit$$0000000D) for .ARM.Collect$$libinit$$0000000D
    libinit2.o(.ARM.Collect$$libinit$$00000014) refers to libinit2.o(.ARM.Collect$$libinit$$0000000D) for .ARM.Collect$$libinit$$0000000D
    libinit2.o(.ARM.Collect$$libinit$$00000016) refers to libinit2.o(.ARM.Collect$$libinit$$0000000D) for .ARM.Collect$$libinit$$0000000D
    libinit2.o(.ARM.Collect$$libinit$$00000024) refers to argv_veneer.o(.emb_text) for __ARM_argv_veneer
    libinit2.o(.ARM.Collect$$libinit$$00000025) refers to argv_veneer.o(.emb_text) for __ARM_argv_veneer
    rtexit2.o(.ARM.Collect$$rtexit$$00000003) refers to libshutdown.o(.ARM.Collect$$libshutdown$$00000000) for __rt_lib_shutdown
    rtexit2.o(.ARM.Collect$$rtexit$$00000004) refers to sys_exit.o(.text) for _sys_exit
    rtexit2.o(.ARM.exidx) refers to rtexit2.o(.ARM.Collect$$rtexit$$00000001) for .ARM.Collect$$rtexit$$00000001
    rtexit2.o(.ARM.exidx) refers to rtexit2.o(.ARM.Collect$$rtexit$$00000003) for .ARM.Collect$$rtexit$$00000003
    rtexit2.o(.ARM.exidx) refers to rtexit2.o(.ARM.Collect$$rtexit$$00000004) for .ARM.Collect$$rtexit$$00000004
    argv_veneer.o(.emb_text) refers to no_argv.o(.text) for __ARM_get_argv
    sys_exit.o(.text) refers (Special) to use_no_semi.o(.text) for __I$use$semihosting
    sys_exit.o(.text) refers (Special) to indicate_semi.o(.text) for __semihosting_library_function
    _get_argv_nomalloc.o(.text) refers (Special) to hrguard.o(.text) for __heap_region$guard
    _get_argv_nomalloc.o(.text) refers to defsig_rtmem_outer.o(.text) for __rt_SIGRTMEM
    _get_argv_nomalloc.o(.text) refers to sys_command.o(.text) for _sys_command_string
    libshutdown.o(.ARM.Collect$$libshutdown$$00000000) refers (Special) to libshutdown2.o(.ARM.Collect$$libshutdown$$00000006) for __rt_lib_shutdown_fp_trap_1
    libshutdown.o(.ARM.Collect$$libshutdown$$00000000) refers (Special) to libshutdown2.o(.ARM.Collect$$libshutdown$$0000000E) for __rt_lib_shutdown_heap_1
    libshutdown.o(.ARM.Collect$$libshutdown$$00000000) refers (Special) to libshutdown2.o(.ARM.Collect$$libshutdown$$0000000F) for __rt_lib_shutdown_return
    libshutdown.o(.ARM.Collect$$libshutdown$$00000000) refers (Special) to libshutdown2.o(.ARM.Collect$$libshutdown$$00000009) for __rt_lib_shutdown_signal_1
    libshutdown.o(.ARM.Collect$$libshutdown$$00000000) refers (Special) to libshutdown2.o(.ARM.Collect$$libshutdown$$00000003) for __rt_lib_shutdown_stdio_1
    libshutdown.o(.ARM.Collect$$libshutdown$$00000000) refers (Special) to libshutdown2.o(.ARM.Collect$$libshutdown$$0000000B) for __rt_lib_shutdown_user_alloc_1
    sys_command.o(.text) refers (Special) to use_no_semi.o(.text) for __I$use$semihosting
    sys_command.o(.text) refers (Special) to indicate_semi.o(.text) for __semihosting_library_function
    defsig_rtmem_outer.o(.text) refers to defsig_rtmem_inner.o(.text) for __rt_SIGRTMEM_inner
    defsig_rtmem_outer.o(.text) refers to defsig_exit.o(.text) for __sig_exit
    defsig_rtmem_formal.o(.text) refers to rt_raise.o(.text) for __rt_raise
    rt_raise.o(.text) refers to __raise.o(.text) for __raise
    rt_raise.o(.text) refers to sys_exit.o(.text) for _sys_exit
    defsig_exit.o(.text) refers to sys_exit.o(.text) for _sys_exit
    defsig_rtmem_inner.o(.text) refers to defsig_general.o(.text) for __default_signal_display
    __raise.o(.text) refers to defsig.o(CL$$defsig) for __default_signal_handler
    defsig_general.o(.text) refers to sys_wrch.o(.text) for _ttywrch
    sys_wrch.o(.text) refers (Special) to use_no_semi.o(.text) for __I$use$semihosting
    sys_wrch.o(.text) refers (Special) to indicate_semi.o(.text) for __semihosting_library_function
    defsig.o(CL$$defsig) refers to defsig_rtmem_inner.o(.text) for __rt_SIGRTMEM_inner
    defsig_abrt_inner.o(.text) refers to defsig_general.o(.text) for __default_signal_display
    defsig_fpe_inner.o(.text) refers to defsig_general.o(.text) for __default_signal_display
    defsig_rtred_inner.o(.text) refers to defsig_general.o(.text) for __default_signal_display
    defsig_stak_inner.o(.text) refers to defsig_general.o(.text) for __default_signal_display
    defsig_pvfn_inner.o(.text) refers to defsig_general.o(.text) for __default_signal_display
    defsig_cppl_inner.o(.text) refers to defsig_general.o(.text) for __default_signal_display
    defsig_segv_inner.o(.text) refers to defsig_general.o(.text) for __default_signal_display
    defsig_other.o(.text) refers to defsig_general.o(.text) for __default_signal_display


==============================================================================

Removing Unused input sections from the image.

    Removing main.o(.data), (5 bytes).
    Removing stm32f10x_exti.o(.text), (232 bytes).
    Removing stm32f10x_spi.o(.text), (628 bytes).
    Removing stm32f10x_fsmc.o(.text), (1122 bytes).
    Removing stm32f10x_sdio.o(.text), (428 bytes).
    Removing stm32f10x_dma.o(.text), (456 bytes).
    Removing stm32f10x_i2c.o(.text), (804 bytes).
    Removing core_cm3.o(.emb_text), (32 bytes).
    Removing magserv.o(.constdata), (16 bytes).
    Removing queue.o(.text), (1336 bytes).

10 unused section(s) (total 5059 bytes) removed from the image.

==============================================================================

Image Symbol Table

    Local Symbols

    Symbol Name                              Value     Ov Type        Size  Object(Section)

    ../clib/angel/boardlib.s                 0x00000000   Number         0  boardinit3.o ABSOLUTE
    ../clib/angel/boardlib.s                 0x00000000   Number         0  boardinit2.o ABSOLUTE
    ../clib/angel/boardlib.s                 0x00000000   Number         0  boardshut.o ABSOLUTE
    ../clib/angel/boardlib.s                 0x00000000   Number         0  boardinit1.o ABSOLUTE
    ../clib/angel/handlers.s                 0x00000000   Number         0  __scatter_zi.o ABSOLUTE
    ../clib/angel/handlers.s                 0x00000000   Number         0  __scatter_copy.o ABSOLUTE
    ../clib/angel/kernel.s                   0x00000000   Number         0  rtexit2.o ABSOLUTE
    ../clib/angel/kernel.s                   0x00000000   Number         0  rtentry.o ABSOLUTE
    ../clib/angel/kernel.s                   0x00000000   Number         0  rtentry4.o ABSOLUTE
    ../clib/angel/kernel.s                   0x00000000   Number         0  rtentry2.o ABSOLUTE
    ../clib/angel/kernel.s                   0x00000000   Number         0  rtexit.o ABSOLUTE
    ../clib/angel/rt.s                       0x00000000   Number         0  rt_raise.o ABSOLUTE
    ../clib/angel/scatter.s                  0x00000000   Number         0  __scatter.o ABSOLUTE
    ../clib/angel/startup.s                  0x00000000   Number         0  __main.o ABSOLUTE
    ../clib/angel/sys.s                      0x00000000   Number         0  indicate_semi.o ABSOLUTE
    ../clib/angel/sys.s                      0x00000000   Number         0  libspace.o ABSOLUTE
    ../clib/angel/sys.s                      0x00000000   Number         0  use_no_semi.o ABSOLUTE
    ../clib/angel/sys.s                      0x00000000   Number         0  sys_stackheap_outer.o ABSOLUTE
    ../clib/angel/sysapp.c                   0x00000000   Number         0  sys_command.o ABSOLUTE
    ../clib/angel/sysapp.c                   0x00000000   Number         0  sys_wrch.o ABSOLUTE
    ../clib/angel/sysapp.c                   0x00000000   Number         0  sys_exit.o ABSOLUTE
    ../clib/armsys.c                         0x00000000   Number         0  no_argv.o ABSOLUTE
    ../clib/armsys.c                         0x00000000   Number         0  _get_argv_nomalloc.o ABSOLUTE
    ../clib/armsys.c                         0x00000000   Number         0  argv_veneer.o ABSOLUTE
    ../clib/armsys.c                         0x00000000   Number         0  argv_veneer.o ABSOLUTE
    ../clib/heapalloc.c                      0x00000000   Number         0  hrguard.o ABSOLUTE
    ../clib/heapaux.c                        0x00000000   Number         0  heapauxi.o ABSOLUTE
    ../clib/libinit.s                        0x00000000   Number         0  libinit.o ABSOLUTE
    ../clib/libinit.s                        0x00000000   Number         0  libshutdown.o ABSOLUTE
    ../clib/libinit.s                        0x00000000   Number         0  libshutdown2.o ABSOLUTE
    ../clib/libinit.s                        0x00000000   Number         0  libinit2.o ABSOLUTE
    ../clib/memcpset.s                       0x00000000   Number         0  rt_memcpy_w.o ABSOLUTE
    ../clib/memcpset.s                       0x00000000   Number         0  rt_memcpy_v6.o ABSOLUTE
    ../clib/signal.c                         0x00000000   Number         0  defsig_fpe_inner.o ABSOLUTE
    ../clib/signal.c                         0x00000000   Number         0  defsig_abrt_inner.o ABSOLUTE
    ../clib/signal.c                         0x00000000   Number         0  defsig_general.o ABSOLUTE
    ../clib/signal.c                         0x00000000   Number         0  defsig_stak_inner.o ABSOLUTE
    ../clib/signal.c                         0x00000000   Number         0  __raise.o ABSOLUTE
    ../clib/signal.c                         0x00000000   Number         0  defsig_rtmem_inner.o ABSOLUTE
    ../clib/signal.c                         0x00000000   Number         0  defsig_pvfn_inner.o ABSOLUTE
    ../clib/signal.c                         0x00000000   Number         0  defsig_cppl_inner.o ABSOLUTE
    ../clib/signal.c                         0x00000000   Number         0  defsig_segv_inner.o ABSOLUTE
    ../clib/signal.c                         0x00000000   Number         0  defsig_rtmem_formal.o ABSOLUTE
    ../clib/signal.c                         0x00000000   Number         0  defsig_rtmem_outer.o ABSOLUTE
    ../clib/signal.c                         0x00000000   Number         0  defsig_rtred_inner.o ABSOLUTE
    ../clib/signal.c                         0x00000000   Number         0  defsig_other.o ABSOLUTE
    ../clib/signal.c                         0x00000000   Number         0  defsig_exit.o ABSOLUTE
    ../clib/signal.s                         0x00000000   Number         0  defsig.o ABSOLUTE
    ../clib/stdlib.c                         0x00000000   Number         0  exit.o ABSOLUTE
    ../fplib/faddsub.s                       0x00000000   Number         0  faddsub_clz.o ABSOLUTE
    ../fplib/fcheck1.s                       0x00000000   Number         0  fcheck1.o ABSOLUTE
    ../fplib/fcmpi.s                         0x00000000   Number         0  fcmpi.o ABSOLUTE
    ../fplib/fdiv.s                          0x00000000   Number         0  fdiv.o ABSOLUTE
    ../fplib/ffix.s                          0x00000000   Number         0  ffix.o ABSOLUTE
    ../fplib/fflt.s                          0x00000000   Number         0  fflt_clz.o ABSOLUTE
    ../fplib/fleqf.s                         0x00000000   Number         0  fleqf.o ABSOLUTE
    ../fplib/fmul.s                          0x00000000   Number         0  fmul.o ABSOLUTE
    ../fplib/fnaninf.s                       0x00000000   Number         0  fnaninf.o ABSOLUTE
    ../fplib/fpinit.s                        0x00000000   Number         0  fpinit.o ABSOLUTE
    ../fplib/fretinf.s                       0x00000000   Number         0  fretinf.o ABSOLUTE
    ../fplib/frleqf.s                        0x00000000   Number         0  frleqf.o ABSOLUTE
    ../fplib/retnan.s                        0x00000000   Number         0  retnan.o ABSOLUTE
    ../fplib/scalbnf.s                       0x00000000   Number         0  scalbnf.o ABSOLUTE
    ../fplib/trapv.s                         0x00000000   Number         0  trapv.o ABSOLUTE
    ../fplib/usenofp.s                       0x00000000   Number         0  usenofp.o ABSOLUTE
    ..\BSP\hardware.c                        0x00000000   Number         0  hardware.o ABSOLUTE
    ..\BSP\rs485communicate.c                0x00000000   Number         0  rs485communicate.o ABSOLUTE
    ..\BSP\rs485config.c                     0x00000000   Number         0  rs485config.o ABSOLUTE
    ..\FreeRTOS\src\croutine.c               0x00000000   Number         0  croutine.o ABSOLUTE
    ..\FreeRTOS\src\heap_2.c                 0x00000000   Number         0  heap_2.o ABSOLUTE
    ..\FreeRTOS\src\list.c                   0x00000000   Number         0  list.o ABSOLUTE
    ..\FreeRTOS\src\port.c                   0x00000000   Number         0  port.o ABSOLUTE
    ..\FreeRTOS\src\queue.c                  0x00000000   Number         0  queue.o ABSOLUTE
    ..\FreeRTOS\src\tasks.c                  0x00000000   Number         0  tasks.o ABSOLUTE
    ..\FreeRTOS\src\timers.c                 0x00000000   Number         0  timers.o ABSOLUTE
    ..\Libraries\CMSIS\CM3\CoreSupport\core_cm3.c 0x00000000   Number         0  core_cm3.o ABSOLUTE
    ..\Libraries\CMSIS\CM3\DeviceSupport\ST\STM32F10x\startup\TrueSTUDIO\startup_stm32f10x_hd.s 0x00000000   Number         0  startup_stm32f10x_hd.o ABSOLUTE
    ..\Libraries\CMSIS\CM3\DeviceSupport\ST\STM32F10x\system_stm32f10x.c 0x00000000   Number         0  system_stm32f10x.o ABSOLUTE
    ..\Libraries\STM32F10x_StdPeriph_Driver\src\misc.c 0x00000000   Number         0  misc.o ABSOLUTE
    ..\Libraries\STM32F10x_StdPeriph_Driver\src\stm32f10x_dma.c 0x00000000   Number         0  stm32f10x_dma.o ABSOLUTE
    ..\Libraries\STM32F10x_StdPeriph_Driver\src\stm32f10x_exti.c 0x00000000   Number         0  stm32f10x_exti.o ABSOLUTE
    ..\Libraries\STM32F10x_StdPeriph_Driver\src\stm32f10x_fsmc.c 0x00000000   Number         0  stm32f10x_fsmc.o ABSOLUTE
    ..\Libraries\STM32F10x_StdPeriph_Driver\src\stm32f10x_gpio.c 0x00000000   Number         0  stm32f10x_gpio.o ABSOLUTE
    ..\Libraries\STM32F10x_StdPeriph_Driver\src\stm32f10x_i2c.c 0x00000000   Number         0  stm32f10x_i2c.o ABSOLUTE
    ..\Libraries\STM32F10x_StdPeriph_Driver\src\stm32f10x_rcc.c 0x00000000   Number         0  stm32f10x_rcc.o ABSOLUTE
    ..\Libraries\STM32F10x_StdPeriph_Driver\src\stm32f10x_sdio.c 0x00000000   Number         0  stm32f10x_sdio.o ABSOLUTE
    ..\Libraries\STM32F10x_StdPeriph_Driver\src\stm32f10x_spi.c 0x00000000   Number         0  stm32f10x_spi.o ABSOLUTE
    ..\Libraries\STM32F10x_StdPeriph_Driver\src\stm32f10x_usart.c 0x00000000   Number         0  stm32f10x_usart.o ABSOLUTE
    ..\\FreeRTOS\\src\\port.c                0x00000000   Number         0  port.o ABSOLUTE
    ..\\Libraries\\CMSIS\\CM3\\CoreSupport\\core_cm3.c 0x00000000   Number         0  core_cm3.o ABSOLUTE
    ..\algotithm\magserv.c                   0x00000000   Number         0  magserv.o ABSOLUTE
    ..\algotithm\speedread.c                 0x00000000   Number         0  speedread.o ABSOLUTE
    dc.s                                     0x00000000   Number         0  dc.o ABSOLUTE
    main.c                                   0x00000000   Number         0  main.o ABSOLUTE
    stm32f10x_it.c                           0x00000000   Number         0  stm32f10x_it.o ABSOLUTE
    RESET                                    0x08000000   Section      304  startup_stm32f10x_hd.o(RESET)
    !!!main                                  0x08000130   Section        8  __main.o(!!!main)
    !!!scatter                               0x08000138   Section       52  __scatter.o(!!!scatter)
    !!handler_copy                           0x0800016c   Section       26  __scatter_copy.o(!!handler_copy)
    !!handler_zi                             0x08000188   Section       28  __scatter_zi.o(!!handler_zi)
    .ARM.Collect$$libinit$$00000000          0x080001a4   Section        2  libinit.o(.ARM.Collect$$libinit$$00000000)
    .ARM.Collect$$libinit$$00000002          0x080001a6   Section        0  libinit2.o(.ARM.Collect$$libinit$$00000002)
    .ARM.Collect$$libinit$$00000008          0x080001a6   Section        0  libinit2.o(.ARM.Collect$$libinit$$00000008)
    .ARM.Collect$$libinit$$0000000A          0x080001a6   Section        0  libinit2.o(.ARM.Collect$$libinit$$0000000A)
    .ARM.Collect$$libinit$$0000000C          0x080001a6   Section        0  libinit2.o(.ARM.Collect$$libinit$$0000000C)
    .ARM.Collect$$libinit$$0000000F          0x080001a6   Section        0  libinit2.o(.ARM.Collect$$libinit$$0000000F)
    .ARM.Collect$$libinit$$00000011          0x080001a6   Section        0  libinit2.o(.ARM.Collect$$libinit$$00000011)
    .ARM.Collect$$libinit$$00000013          0x080001a6   Section        0  libinit2.o(.ARM.Collect$$libinit$$00000013)
    .ARM.Collect$$libinit$$00000015          0x080001a6   Section        0  libinit2.o(.ARM.Collect$$libinit$$00000015)
    .ARM.Collect$$libinit$$00000017          0x080001a6   Section        0  libinit2.o(.ARM.Collect$$libinit$$00000017)
    .ARM.Collect$$libinit$$00000019          0x080001a6   Section        0  libinit2.o(.ARM.Collect$$libinit$$00000019)
    .ARM.Collect$$libinit$$0000001B          0x080001a6   Section        0  libinit2.o(.ARM.Collect$$libinit$$0000001B)
    .ARM.Collect$$libinit$$0000001D          0x080001a6   Section        0  libinit2.o(.ARM.Collect$$libinit$$0000001D)
    .ARM.Collect$$libinit$$0000001F          0x080001a6   Section        0  libinit2.o(.ARM.Collect$$libinit$$0000001F)
    .ARM.Collect$$libinit$$00000021          0x080001a6   Section        0  libinit2.o(.ARM.Collect$$libinit$$00000021)
    .ARM.Collect$$libinit$$00000023          0x080001a6   Section        0  libinit2.o(.ARM.Collect$$libinit$$00000023)
    .ARM.Collect$$libinit$$0000002A          0x080001a6   Section        0  libinit2.o(.ARM.Collect$$libinit$$0000002A)
    .ARM.Collect$$libinit$$0000002C          0x080001a6   Section        0  libinit2.o(.ARM.Collect$$libinit$$0000002C)
    .ARM.Collect$$libinit$$0000002E          0x080001a6   Section        0  libinit2.o(.ARM.Collect$$libinit$$0000002E)
    .ARM.Collect$$libinit$$00000030          0x080001a6   Section        0  libinit2.o(.ARM.Collect$$libinit$$00000030)
    .ARM.Collect$$libinit$$00000031          0x080001a6   Section        2  libinit2.o(.ARM.Collect$$libinit$$00000031)
    .ARM.Collect$$libshutdown$$00000000      0x080001a8   Section        2  libshutdown.o(.ARM.Collect$$libshutdown$$00000000)
    .ARM.Collect$$libshutdown$$00000003      0x080001aa   Section        0  libshutdown2.o(.ARM.Collect$$libshutdown$$00000003)
    .ARM.Collect$$libshutdown$$00000006      0x080001aa   Section        0  libshutdown2.o(.ARM.Collect$$libshutdown$$00000006)
    .ARM.Collect$$libshutdown$$00000009      0x080001aa   Section        0  libshutdown2.o(.ARM.Collect$$libshutdown$$00000009)
    .ARM.Collect$$libshutdown$$0000000B      0x080001aa   Section        0  libshutdown2.o(.ARM.Collect$$libshutdown$$0000000B)
    .ARM.Collect$$libshutdown$$0000000E      0x080001aa   Section        0  libshutdown2.o(.ARM.Collect$$libshutdown$$0000000E)
    .ARM.Collect$$libshutdown$$0000000F      0x080001aa   Section        2  libshutdown2.o(.ARM.Collect$$libshutdown$$0000000F)
    .ARM.Collect$$rtentry$$00000000          0x080001ac   Section        0  rtentry.o(.ARM.Collect$$rtentry$$00000000)
    .ARM.Collect$$rtentry$$00000002          0x080001ac   Section        0  rtentry2.o(.ARM.Collect$$rtentry$$00000002)
    .ARM.Collect$$rtentry$$00000004          0x080001ac   Section        6  rtentry4.o(.ARM.Collect$$rtentry$$00000004)
    .ARM.Collect$$rtentry$$00000009          0x080001b2   Section        0  rtentry2.o(.ARM.Collect$$rtentry$$00000009)
    .ARM.Collect$$rtentry$$0000000A          0x080001b2   Section        4  rtentry2.o(.ARM.Collect$$rtentry$$0000000A)
    .ARM.Collect$$rtentry$$0000000C          0x080001b6   Section        0  rtentry2.o(.ARM.Collect$$rtentry$$0000000C)
    .ARM.Collect$$rtentry$$0000000D          0x080001b6   Section        8  rtentry2.o(.ARM.Collect$$rtentry$$0000000D)
    .ARM.Collect$$rtexit$$00000000           0x080001be   Section        2  rtexit.o(.ARM.Collect$$rtexit$$00000000)
    .ARM.Collect$$rtexit$$00000002           0x080001c0   Section        0  rtexit2.o(.ARM.Collect$$rtexit$$00000002)
    .ARM.Collect$$rtexit$$00000003           0x080001c0   Section        4  rtexit2.o(.ARM.Collect$$rtexit$$00000003)
    .ARM.Collect$$rtexit$$00000004           0x080001c4   Section        6  rtexit2.o(.ARM.Collect$$rtexit$$00000004)
    .emb_text                                0x080001cc   Section      150  port.o(.emb_text)
    .text                                    0x08000262   Section        0  stm32f10x_it.o(.text)
    .text                                    0x08000274   Section        0  main.o(.text)
    .text                                    0x08000330   Section        0  stm32f10x_rcc.o(.text)
    .text                                    0x080005e8   Section        0  stm32f10x_gpio.o(.text)
    .text                                    0x0800084c   Section        0  misc.o(.text)
    .text                                    0x080008fc   Section        0  stm32f10x_usart.o(.text)
    .text                                    0x08000c2c   Section        0  system_stm32f10x.o(.text)
    SetSysClockTo72                          0x08000c2d   Thumb Code   160  system_stm32f10x.o(.text)
    .text                                    0x08000d84   Section       64  startup_stm32f10x_hd.o(.text)
    .text                                    0x08000dc4   Section        0  rs485config.o(.text)
    .text                                    0x08000e18   Section        0  hardware.o(.text)
    USART_Config                             0x08000e19   Thumb Code    60  hardware.o(.text)
    .text                                    0x08000f24   Section        0  rs485communicate.o(.text)
    CRC16                                    0x08001061   Thumb Code    44  rs485communicate.o(.text)
    .text                                    0x080010ac   Section        0  magserv.o(.text)
    positionDeviation                        0x08001137   Thumb Code    78  magserv.o(.text)
    MagCenterCalc                            0x08001185   Thumb Code   192  magserv.o(.text)
    .text                                    0x08001268   Section        0  speedread.o(.text)
    .text                                    0x08001294   Section        0  heap_2.o(.text)
    .text                                    0x08001388   Section        0  list.o(.text)
    .text                                    0x08001410   Section        0  port.o(.text)
    prvTaskExitError                         0x08001411   Thumb Code    16  port.o(.text)
    .text                                    0x080014d8   Section        0  tasks.o(.text)
    prvAddNewTaskToReadyList                 0x080014d9   Thumb Code   194  tasks.o(.text)
    prvAddCurrentTaskToDelayedList           0x080017cb   Thumb Code   102  tasks.o(.text)
    prvIdleTask                              0x08001b29   Thumb Code    30  tasks.o(.text)
    prvInitialiseNewTask                     0x08001ff5   Thumb Code   118  tasks.o(.text)
    prvResetNextTaskUnblockTime              0x0800206b   Thumb Code    26  tasks.o(.text)
    prvDeleteTCB                             0x08002085   Thumb Code    20  tasks.o(.text)
    prvTaskIsTaskSuspended                   0x08002099   Thumb Code    30  tasks.o(.text)
    prvCheckTasksWaitingTermination          0x080020b7   Thumb Code    84  tasks.o(.text)
    .text                                    0x0800210a   Section        0  heapauxi.o(.text)
    .text                                    0x08002110   Section       74  sys_stackheap_outer.o(.text)
    .text                                    0x0800215a   Section        0  exit.o(.text)
    .text                                    0x08002168   Section        8  libspace.o(.text)
    .text                                    0x08002170   Section        0  sys_exit.o(.text)
    .text                                    0x0800217c   Section        2  use_no_semi.o(.text)
    .text                                    0x0800217e   Section        0  indicate_semi.o(.text)
    x$fpl$fadd                               0x08002180   Section      196  faddsub_clz.o(x$fpl$fadd)
    _fadd1                                   0x0800218f   Thumb Code     0  faddsub_clz.o(x$fpl$fadd)
    x$fpl$fcheck1                            0x08002244   Section       12  fcheck1.o(x$fpl$fcheck1)
    x$fpl$fcmpinf                            0x08002250   Section       24  fcmpi.o(x$fpl$fcmpinf)
    x$fpl$fdiv                               0x08002268   Section      388  fdiv.o(x$fpl$fdiv)
    _fdiv1                                   0x08002269   Thumb Code     0  fdiv.o(x$fpl$fdiv)
    x$fpl$ffix                               0x080023ec   Section       54  ffix.o(x$fpl$ffix)
    x$fpl$ffltu                              0x08002424   Section       38  fflt_clz.o(x$fpl$ffltu)
    x$fpl$fleqf                              0x0800244c   Section      104  fleqf.o(x$fpl$fleqf)
    x$fpl$fmul                               0x080024b4   Section      258  fmul.o(x$fpl$fmul)
    x$fpl$fnaninf                            0x080025b6   Section      140  fnaninf.o(x$fpl$fnaninf)
    x$fpl$fretinf                            0x08002642   Section       10  fretinf.o(x$fpl$fretinf)
    x$fpl$frleqf                             0x0800264c   Section       98  frleqf.o(x$fpl$frleqf)
    x$fpl$fsub                               0x080026b0   Section      234  faddsub_clz.o(x$fpl$fsub)
    _fsub1                                   0x080026bf   Thumb Code     0  faddsub_clz.o(x$fpl$fsub)
    x$fpl$retnan                             0x0800279a   Section      100  retnan.o(x$fpl$retnan)
    x$fpl$scalbnf                            0x080027fe   Section       76  scalbnf.o(x$fpl$scalbnf)
    x$fpl$trapveneer                         0x0800284a   Section       48  trapv.o(x$fpl$trapveneer)
    .constdata                               0x0800287a   Section      512  rs485communicate.o(.constdata)
    x$fpl$usenofp                            0x0800287a   Section        0  usenofp.o(x$fpl$usenofp)
    .data                                    0x20000000   Section       19  main.o(.data)
    TxBufferToQueryMagsense                  0x2000000c   Data           7  main.o(.data)
    .data                                    0x20000013   Section       20  stm32f10x_rcc.o(.data)
    ADCPrescTable                            0x20000013   Data           4  stm32f10x_rcc.o(.data)
    APBAHBPrescTable                         0x20000017   Data          16  stm32f10x_rcc.o(.data)
    .data                                    0x20000028   Section       20  system_stm32f10x.o(.data)
    .data                                    0x2000003c   Section       33  rs485communicate.o(.data)
    sendFlag                                 0x2000003c   Data           1  rs485communicate.o(.data)
    TxBufferToCtrlLeft                       0x2000003d   Data           8  rs485communicate.o(.data)
    TxBufferToCtrlRight                      0x20000045   Data           8  rs485communicate.o(.data)
    LeftSpeedQueryBuff                       0x2000004d   Data           8  rs485communicate.o(.data)
    RightSpeedQueryBuff                      0x20000055   Data           8  rs485communicate.o(.data)
    .data                                    0x20000060   Section       16  magserv.o(.data)
    CarSpeedVx                               0x20000064   Data           4  magserv.o(.data)
    CarSpeedVw                               0x20000068   Data           4  magserv.o(.data)
    StationForReturn                         0x2000006c   Data           4  magserv.o(.data)
    .data                                    0x20000070   Section       24  heap_2.o(.data)
    xFreeBytesRemaining                      0x20000070   Data           4  heap_2.o(.data)
    xHeapHasBeenInitialised                  0x20000074   Data           4  heap_2.o(.data)
    xStart                                   0x20000078   Data           8  heap_2.o(.data)
    xEnd                                     0x20000080   Data           8  heap_2.o(.data)
    .data                                    0x20000088   Section        4  port.o(.data)
    uxCriticalNesting                        0x20000088   Data           4  port.o(.data)
    .data                                    0x2000008c   Section       60  tasks.o(.data)
    uxDeletedTasksWaitingCleanUp             0x20000090   Data           4  tasks.o(.data)
    uxCurrentNumberOfTasks                   0x20000094   Data           4  tasks.o(.data)
    xTickCount                               0x20000098   Data           4  tasks.o(.data)
    uxTopReadyPriority                       0x2000009c   Data           4  tasks.o(.data)
    xSchedulerRunning                        0x200000a0   Data           4  tasks.o(.data)
    uxPendedTicks                            0x200000a4   Data           4  tasks.o(.data)
    xYieldPending                            0x200000a8   Data           4  tasks.o(.data)
    xNumOfOverflows                          0x200000ac   Data           4  tasks.o(.data)
    uxTaskNumber                             0x200000b0   Data           4  tasks.o(.data)
    xNextTaskUnblockTime                     0x200000b4   Data           4  tasks.o(.data)
    xIdleTaskHandle                          0x200000b8   Data           4  tasks.o(.data)
    uxSchedulerSuspended                     0x200000bc   Data           4  tasks.o(.data)
    pxDelayedTaskList                        0x200000c0   Data           4  tasks.o(.data)
    pxOverflowDelayedTaskList                0x200000c4   Data           4  tasks.o(.data)
    .bss                                     0x200000c8   Section       15  magserv.o(.bss)
    .bss                                     0x200000d7   Section    17408  heap_2.o(.bss)
    ucHeap                                   0x200000d7   Data       17408  heap_2.o(.bss)
    .bss                                     0x200044d8   Section      200  tasks.o(.bss)
    pxReadyTasksLists                        0x200044d8   Data         100  tasks.o(.bss)
    xDelayedTaskList1                        0x2000453c   Data          20  tasks.o(.bss)
    xDelayedTaskList2                        0x20004550   Data          20  tasks.o(.bss)
    xPendingReadyList                        0x20004564   Data          20  tasks.o(.bss)
    xTasksWaitingTermination                 0x20004578   Data          20  tasks.o(.bss)
    xSuspendedTaskList                       0x2000458c   Data          20  tasks.o(.bss)
    .bss                                     0x200045a0   Section       96  libspace.o(.bss)
    HEAP                                     0x20004600   Section      512  startup_stm32f10x_hd.o(HEAP)
    Heap_Mem                                 0x20004600   Data         512  startup_stm32f10x_hd.o(HEAP)
    STACK                                    0x20004800   Section     1024  startup_stm32f10x_hd.o(STACK)
    Stack_Mem                                0x20004800   Data        1024  startup_stm32f10x_hd.o(STACK)
    __initial_sp                             0x20004c00   Data           0  startup_stm32f10x_hd.o(STACK)

    Global Symbols

    Symbol Name                              Value     Ov Type        Size  Object(Section)

    BuildAttributes$$THM_ISAv4$P$D$K$B$S$PE$A:L22UL41UL21$X:L11$S22US41US21$IEEE1$IW$USESV6$~STKCKD$USESV7$~SHL$OSPACE$ROPI$EBA8$UX$STANDARDLIB$REQ8$PRES8$EABIv2 0x00000000   Number         0  anon$$obj.o ABSOLUTE
    __ARM_use_no_argv                        0x00000000   Number         0  main.o ABSOLUTE
    __ARM_exceptions_init                     - Undefined Weak Reference
    __alloca_initialize                       - Undefined Weak Reference
    __cpp_initialize__aeabi_                  - Undefined Weak Reference
    __cxa_finalize                            - Undefined Weak Reference
    __rt_locale                               - Undefined Weak Reference
    __sigvec_lookup                           - Undefined Weak Reference
    _atexit_init                              - Undefined Weak Reference
    _call_atexit_fns                          - Undefined Weak Reference
    _clock_init                               - Undefined Weak Reference
    _fp_trap_init                             - Undefined Weak Reference
    _fp_trap_shutdown                         - Undefined Weak Reference
    _get_lc_collate                           - Undefined Weak Reference
    _get_lc_ctype                             - Undefined Weak Reference
    _get_lc_monetary                          - Undefined Weak Reference
    _get_lc_numeric                           - Undefined Weak Reference
    _get_lc_time                              - Undefined Weak Reference
    _getenv_init                              - Undefined Weak Reference
    _handle_redirection                       - Undefined Weak Reference
    _init_alloc                               - Undefined Weak Reference
    _init_user_alloc                          - Undefined Weak Reference
    _initio                                   - Undefined Weak Reference
    _rand_init                                - Undefined Weak Reference
    _signal_finish                            - Undefined Weak Reference
    _signal_init                              - Undefined Weak Reference
    _terminate_alloc                          - Undefined Weak Reference
    _terminate_user_alloc                     - Undefined Weak Reference
    _terminateio                              - Undefined Weak Reference
    __Vectors_Size                           0x00000130   Number         0  startup_stm32f10x_hd.o ABSOLUTE
    __Vectors                                0x08000000   Data           4  startup_stm32f10x_hd.o(RESET)
    __Vectors_End                            0x08000130   Data           0  startup_stm32f10x_hd.o(RESET)
    __main                                   0x08000131   Thumb Code     8  __main.o(!!!main)
    __scatterload                            0x08000139   Thumb Code     0  __scatter.o(!!!scatter)
    __scatterload_rt2                        0x08000139   Thumb Code    44  __scatter.o(!!!scatter)
    __scatterload_rt2_thumb_only             0x08000139   Thumb Code     0  __scatter.o(!!!scatter)
    __scatterload_null                       0x08000147   Thumb Code     0  __scatter.o(!!!scatter)
    __scatterload_copy                       0x0800016d   Thumb Code    26  __scatter_copy.o(!!handler_copy)
    __scatterload_zeroinit                   0x08000189   Thumb Code    28  __scatter_zi.o(!!handler_zi)
    __rt_lib_init                            0x080001a5   Thumb Code     0  libinit.o(.ARM.Collect$$libinit$$00000000)
    __rt_lib_init_alloca_1                   0x080001a7   Thumb Code     0  libinit2.o(.ARM.Collect$$libinit$$0000002C)
    __rt_lib_init_argv_1                     0x080001a7   Thumb Code     0  libinit2.o(.ARM.Collect$$libinit$$0000002A)
    __rt_lib_init_atexit_1                   0x080001a7   Thumb Code     0  libinit2.o(.ARM.Collect$$libinit$$00000019)
    __rt_lib_init_clock_1                    0x080001a7   Thumb Code     0  libinit2.o(.ARM.Collect$$libinit$$0000001F)
    __rt_lib_init_cpp_1                      0x080001a7   Thumb Code     0  libinit2.o(.ARM.Collect$$libinit$$00000030)
    __rt_lib_init_exceptions_1               0x080001a7   Thumb Code     0  libinit2.o(.ARM.Collect$$libinit$$0000002E)
    __rt_lib_init_fp_1                       0x080001a7   Thumb Code     0  libinit2.o(.ARM.Collect$$libinit$$00000002)
    __rt_lib_init_fp_trap_1                  0x080001a7   Thumb Code     0  libinit2.o(.ARM.Collect$$libinit$$0000001D)
    __rt_lib_init_getenv_1                   0x080001a7   Thumb Code     0  libinit2.o(.ARM.Collect$$libinit$$00000021)
    __rt_lib_init_heap_1                     0x080001a7   Thumb Code     0  libinit2.o(.ARM.Collect$$libinit$$00000008)
    __rt_lib_init_lc_collate_1               0x080001a7   Thumb Code     0  libinit2.o(.ARM.Collect$$libinit$$0000000F)
    __rt_lib_init_lc_ctype_1                 0x080001a7   Thumb Code     0  libinit2.o(.ARM.Collect$$libinit$$00000011)
    __rt_lib_init_lc_monetary_1              0x080001a7   Thumb Code     0  libinit2.o(.ARM.Collect$$libinit$$00000013)
    __rt_lib_init_lc_numeric_1               0x080001a7   Thumb Code     0  libinit2.o(.ARM.Collect$$libinit$$00000015)
    __rt_lib_init_lc_time_1                  0x080001a7   Thumb Code     0  libinit2.o(.ARM.Collect$$libinit$$00000017)
    __rt_lib_init_rand_1                     0x080001a7   Thumb Code     0  libinit2.o(.ARM.Collect$$libinit$$0000000C)
    __rt_lib_init_return                     0x080001a7   Thumb Code     0  libinit2.o(.ARM.Collect$$libinit$$00000031)
    __rt_lib_init_signal_1                   0x080001a7   Thumb Code     0  libinit2.o(.ARM.Collect$$libinit$$0000001B)
    __rt_lib_init_stdio_1                    0x080001a7   Thumb Code     0  libinit2.o(.ARM.Collect$$libinit$$00000023)
    __rt_lib_init_user_alloc_1               0x080001a7   Thumb Code     0  libinit2.o(.ARM.Collect$$libinit$$0000000A)
    __rt_lib_shutdown                        0x080001a9   Thumb Code     0  libshutdown.o(.ARM.Collect$$libshutdown$$00000000)
    __rt_lib_shutdown_fp_trap_1              0x080001ab   Thumb Code     0  libshutdown2.o(.ARM.Collect$$libshutdown$$00000006)
    __rt_lib_shutdown_heap_1                 0x080001ab   Thumb Code     0  libshutdown2.o(.ARM.Collect$$libshutdown$$0000000E)
    __rt_lib_shutdown_return                 0x080001ab   Thumb Code     0  libshutdown2.o(.ARM.Collect$$libshutdown$$0000000F)
    __rt_lib_shutdown_signal_1               0x080001ab   Thumb Code     0  libshutdown2.o(.ARM.Collect$$libshutdown$$00000009)
    __rt_lib_shutdown_stdio_1                0x080001ab   Thumb Code     0  libshutdown2.o(.ARM.Collect$$libshutdown$$00000003)
    __rt_lib_shutdown_user_alloc_1           0x080001ab   Thumb Code     0  libshutdown2.o(.ARM.Collect$$libshutdown$$0000000B)
    __rt_entry                               0x080001ad   Thumb Code     0  rtentry.o(.ARM.Collect$$rtentry$$00000000)
    __rt_entry_presh_1                       0x080001ad   Thumb Code     0  rtentry2.o(.ARM.Collect$$rtentry$$00000002)
    __rt_entry_sh                            0x080001ad   Thumb Code     0  rtentry4.o(.ARM.Collect$$rtentry$$00000004)
    __rt_entry_li                            0x080001b3   Thumb Code     0  rtentry2.o(.ARM.Collect$$rtentry$$0000000A)
    __rt_entry_postsh_1                      0x080001b3   Thumb Code     0  rtentry2.o(.ARM.Collect$$rtentry$$00000009)
    __rt_entry_main                          0x080001b7   Thumb Code     0  rtentry2.o(.ARM.Collect$$rtentry$$0000000D)
    __rt_entry_postli_1                      0x080001b7   Thumb Code     0  rtentry2.o(.ARM.Collect$$rtentry$$0000000C)
    __rt_exit                                0x080001bf   Thumb Code     0  rtexit.o(.ARM.Collect$$rtexit$$00000000)
    __rt_exit_ls                             0x080001c1   Thumb Code     0  rtexit2.o(.ARM.Collect$$rtexit$$00000003)
    __rt_exit_prels_1                        0x080001c1   Thumb Code     0  rtexit2.o(.ARM.Collect$$rtexit$$00000002)
    __rt_exit_exit                           0x080001c5   Thumb Code     0  rtexit2.o(.ARM.Collect$$rtexit$$00000004)
    vPortSVCHandler                          0x080001cd   Thumb Code    32  port.o(.emb_text)
    __asm___6_port_c_39a90d8d__prvStartFirstTask 0x080001f1   Thumb Code    28  port.o(.emb_text)
    xPortPendSVHandler                       0x08000211   Thumb Code    72  port.o(.emb_text)
    vPortGetIPSR                             0x0800025d   Thumb Code     6  port.o(.emb_text)
    NMI_Handler                              0x08000263   Thumb Code     2  stm32f10x_it.o(.text)
    HardFault_Handler                        0x08000265   Thumb Code     2  stm32f10x_it.o(.text)
    MemManage_Handler                        0x08000267   Thumb Code     2  stm32f10x_it.o(.text)
    BusFault_Handler                         0x08000269   Thumb Code     2  stm32f10x_it.o(.text)
    UsageFault_Handler                       0x0800026b   Thumb Code     2  stm32f10x_it.o(.text)
    SVC_Handler                              0x0800026d   Thumb Code     2  stm32f10x_it.o(.text)
    DebugMon_Handler                         0x0800026f   Thumb Code     2  stm32f10x_it.o(.text)
    PendSV_Handler                           0x08000271   Thumb Code     2  stm32f10x_it.o(.text)
    SpeedReadTask                            0x08000275   Thumb Code     2  main.o(.text)
    MagSenseQueryTask                        0x08000277   Thumb Code    20  main.o(.text)
    SpeedSendTask                            0x0800028b   Thumb Code    14  main.o(.text)
    main                                     0x08000299   Thumb Code    96  main.o(.text)
    RCC_DeInit                               0x08000331   Thumb Code    50  stm32f10x_rcc.o(.text)
    RCC_HSEConfig                            0x08000363   Thumb Code    48  stm32f10x_rcc.o(.text)
    RCC_GetFlagStatus                        0x08000393   Thumb Code    42  stm32f10x_rcc.o(.text)
    RCC_WaitForHSEStartUp                    0x080003bd   Thumb Code    44  stm32f10x_rcc.o(.text)
    RCC_AdjustHSICalibrationValue            0x080003e9   Thumb Code    16  stm32f10x_rcc.o(.text)
    RCC_HSICmd                               0x080003f9   Thumb Code     6  stm32f10x_rcc.o(.text)
    RCC_PLLConfig                            0x080003ff   Thumb Code    16  stm32f10x_rcc.o(.text)
    RCC_PLLCmd                               0x0800040f   Thumb Code     6  stm32f10x_rcc.o(.text)
    RCC_SYSCLKConfig                         0x08000415   Thumb Code    14  stm32f10x_rcc.o(.text)
    RCC_GetSYSCLKSource                      0x08000423   Thumb Code    10  stm32f10x_rcc.o(.text)
    RCC_HCLKConfig                           0x0800042d   Thumb Code    14  stm32f10x_rcc.o(.text)
    RCC_PCLK1Config                          0x0800043b   Thumb Code    14  stm32f10x_rcc.o(.text)
    RCC_PCLK2Config                          0x08000449   Thumb Code    16  stm32f10x_rcc.o(.text)
    RCC_ITConfig                             0x08000459   Thumb Code    18  stm32f10x_rcc.o(.text)
    RCC_USBCLKConfig                         0x0800046b   Thumb Code     8  stm32f10x_rcc.o(.text)
    RCC_ADCCLKConfig                         0x08000473   Thumb Code    14  stm32f10x_rcc.o(.text)
    RCC_LSEConfig                            0x08000481   Thumb Code    28  stm32f10x_rcc.o(.text)
    RCC_LSICmd                               0x0800049d   Thumb Code     6  stm32f10x_rcc.o(.text)
    RCC_RTCCLKConfig                         0x080004a3   Thumb Code    10  stm32f10x_rcc.o(.text)
    RCC_RTCCLKCmd                            0x080004ad   Thumb Code     8  stm32f10x_rcc.o(.text)
    RCC_GetClocksFreq                        0x080004b5   Thumb Code   130  stm32f10x_rcc.o(.text)
    RCC_AHBPeriphClockCmd                    0x08000537   Thumb Code    18  stm32f10x_rcc.o(.text)
    RCC_APB2PeriphClockCmd                   0x08000549   Thumb Code    18  stm32f10x_rcc.o(.text)
    RCC_APB1PeriphClockCmd                   0x0800055b   Thumb Code    18  stm32f10x_rcc.o(.text)
    RCC_APB2PeriphResetCmd                   0x0800056d   Thumb Code    18  stm32f10x_rcc.o(.text)
    RCC_APB1PeriphResetCmd                   0x0800057f   Thumb Code    18  stm32f10x_rcc.o(.text)
    RCC_BackupResetCmd                       0x08000591   Thumb Code     8  stm32f10x_rcc.o(.text)
    RCC_ClockSecuritySystemCmd               0x08000599   Thumb Code     6  stm32f10x_rcc.o(.text)
    RCC_MCOConfig                            0x0800059f   Thumb Code     6  stm32f10x_rcc.o(.text)
    RCC_ClearFlag                            0x080005a5   Thumb Code    12  stm32f10x_rcc.o(.text)
    RCC_GetITStatus                          0x080005b1   Thumb Code    16  stm32f10x_rcc.o(.text)
    RCC_ClearITPendingBit                    0x080005c1   Thumb Code     6  stm32f10x_rcc.o(.text)
    GPIO_DeInit                              0x080005e9   Thumb Code   152  stm32f10x_gpio.o(.text)
    GPIO_AFIODeInit                          0x08000681   Thumb Code    22  stm32f10x_gpio.o(.text)
    GPIO_Init                                0x08000697   Thumb Code   156  stm32f10x_gpio.o(.text)
    GPIO_StructInit                          0x08000733   Thumb Code    16  stm32f10x_gpio.o(.text)
    GPIO_ReadInputDataBit                    0x08000743   Thumb Code    14  stm32f10x_gpio.o(.text)
    GPIO_ReadInputData                       0x08000751   Thumb Code     6  stm32f10x_gpio.o(.text)
    GPIO_ReadOutputDataBit                   0x08000757   Thumb Code    14  stm32f10x_gpio.o(.text)
    GPIO_ReadOutputData                      0x08000765   Thumb Code     6  stm32f10x_gpio.o(.text)
    GPIO_SetBits                             0x0800076b   Thumb Code     4  stm32f10x_gpio.o(.text)
    GPIO_ResetBits                           0x0800076f   Thumb Code     4  stm32f10x_gpio.o(.text)
    GPIO_WriteBit                            0x08000773   Thumb Code    10  stm32f10x_gpio.o(.text)
    GPIO_Write                               0x0800077d   Thumb Code     4  stm32f10x_gpio.o(.text)
    GPIO_PinLockConfig                       0x08000781   Thumb Code    16  stm32f10x_gpio.o(.text)
    GPIO_EventOutputConfig                   0x08000791   Thumb Code    22  stm32f10x_gpio.o(.text)
    GPIO_EventOutputCmd                      0x080007a7   Thumb Code     6  stm32f10x_gpio.o(.text)
    GPIO_PinRemapConfig                      0x080007ad   Thumb Code    82  stm32f10x_gpio.o(.text)
    GPIO_EXTILineConfig                      0x080007ff   Thumb Code    34  stm32f10x_gpio.o(.text)
    GPIO_ETH_MediaInterfaceConfig            0x08000821   Thumb Code     8  stm32f10x_gpio.o(.text)
    NVIC_PriorityGroupConfig                 0x0800084d   Thumb Code    10  misc.o(.text)
    NVIC_Init                                0x08000857   Thumb Code    90  misc.o(.text)
    NVIC_SetVectorTable                      0x080008b1   Thumb Code    14  misc.o(.text)
    NVIC_SystemLPConfig                      0x080008bf   Thumb Code    20  misc.o(.text)
    SysTick_CLKSourceConfig                  0x080008d3   Thumb Code    24  misc.o(.text)
    USART_DeInit                             0x080008fd   Thumb Code    96  stm32f10x_usart.o(.text)
    USART_Init                               0x0800095d   Thumb Code   176  stm32f10x_usart.o(.text)
    USART_StructInit                         0x08000a0d   Thumb Code    22  stm32f10x_usart.o(.text)
    USART_ClockInit                          0x08000a23   Thumb Code    30  stm32f10x_usart.o(.text)
    USART_ClockStructInit                    0x08000a41   Thumb Code    12  stm32f10x_usart.o(.text)
    USART_Cmd                                0x08000a4d   Thumb Code    20  stm32f10x_usart.o(.text)
    USART_ITConfig                           0x08000a61   Thumb Code    48  stm32f10x_usart.o(.text)
    USART_DMACmd                             0x08000a91   Thumb Code    16  stm32f10x_usart.o(.text)
    USART_SetAddress                         0x08000aa1   Thumb Code    16  stm32f10x_usart.o(.text)
    USART_WakeUpConfig                       0x08000ab1   Thumb Code    16  stm32f10x_usart.o(.text)
    USART_ReceiverWakeUpCmd                  0x08000ac1   Thumb Code    20  stm32f10x_usart.o(.text)
    USART_LINBreakDetectLengthConfig         0x08000ad5   Thumb Code    16  stm32f10x_usart.o(.text)
    USART_LINCmd                             0x08000ae5   Thumb Code    20  stm32f10x_usart.o(.text)
    USART_SendData                           0x08000af9   Thumb Code     8  stm32f10x_usart.o(.text)
    USART_ReceiveData                        0x08000b01   Thumb Code     8  stm32f10x_usart.o(.text)
    USART_SendBreak                          0x08000b09   Thumb Code    10  stm32f10x_usart.o(.text)
    USART_SetGuardTime                       0x08000b13   Thumb Code    16  stm32f10x_usart.o(.text)
    USART_SetPrescaler                       0x08000b23   Thumb Code    16  stm32f10x_usart.o(.text)
    USART_SmartCardCmd                       0x08000b33   Thumb Code    20  stm32f10x_usart.o(.text)
    USART_SmartCardNACKCmd                   0x08000b47   Thumb Code    20  stm32f10x_usart.o(.text)
    USART_HalfDuplexCmd                      0x08000b5b   Thumb Code    20  stm32f10x_usart.o(.text)
    USART_OverSampling8Cmd                   0x08000b6f   Thumb Code    20  stm32f10x_usart.o(.text)
    USART_OneBitMethodCmd                    0x08000b83   Thumb Code    20  stm32f10x_usart.o(.text)
    USART_IrDAConfig                         0x08000b97   Thumb Code    16  stm32f10x_usart.o(.text)
    USART_IrDACmd                            0x08000ba7   Thumb Code    20  stm32f10x_usart.o(.text)
    USART_GetFlagStatus                      0x08000bbb   Thumb Code    14  stm32f10x_usart.o(.text)
    USART_ClearFlag                          0x08000bc9   Thumb Code     6  stm32f10x_usart.o(.text)
    USART_GetITStatus                        0x08000bcf   Thumb Code    62  stm32f10x_usart.o(.text)
    USART_ClearITPendingBit                  0x08000c0d   Thumb Code    12  stm32f10x_usart.o(.text)
    SystemInit                               0x08000ccd   Thumb Code    64  system_stm32f10x.o(.text)
    SystemCoreClockUpdate                    0x08000d0d   Thumb Code    86  system_stm32f10x.o(.text)
    Reset_Handler                            0x08000d85   Thumb Code     8  startup_stm32f10x_hd.o(.text)
    SysTick_Handler                          0x08000d9d   Thumb Code     2  startup_stm32f10x_hd.o(.text)
    ADC1_2_IRQHandler                        0x08000d9f   Thumb Code     0  startup_stm32f10x_hd.o(.text)
    ADC3_IRQHandler                          0x08000d9f   Thumb Code     0  startup_stm32f10x_hd.o(.text)
    CAN1_RX1_IRQHandler                      0x08000d9f   Thumb Code     0  startup_stm32f10x_hd.o(.text)
    CAN1_SCE_IRQHandler                      0x08000d9f   Thumb Code     0  startup_stm32f10x_hd.o(.text)
    DMA1_Channel1_IRQHandler                 0x08000d9f   Thumb Code     0  startup_stm32f10x_hd.o(.text)
    DMA1_Channel2_IRQHandler                 0x08000d9f   Thumb Code     0  startup_stm32f10x_hd.o(.text)
    DMA1_Channel3_IRQHandler                 0x08000d9f   Thumb Code     0  startup_stm32f10x_hd.o(.text)
    DMA1_Channel4_IRQHandler                 0x08000d9f   Thumb Code     0  startup_stm32f10x_hd.o(.text)
    DMA1_Channel5_IRQHandler                 0x08000d9f   Thumb Code     0  startup_stm32f10x_hd.o(.text)
    DMA1_Channel6_IRQHandler                 0x08000d9f   Thumb Code     0  startup_stm32f10x_hd.o(.text)
    DMA1_Channel7_IRQHandler                 0x08000d9f   Thumb Code     0  startup_stm32f10x_hd.o(.text)
    DMA2_Channel1_IRQHandler                 0x08000d9f   Thumb Code     0  startup_stm32f10x_hd.o(.text)
    DMA2_Channel2_IRQHandler                 0x08000d9f   Thumb Code     0  startup_stm32f10x_hd.o(.text)
    DMA2_Channel3_IRQHandler                 0x08000d9f   Thumb Code     0  startup_stm32f10x_hd.o(.text)
    DMA2_Channel4_5_IRQHandler               0x08000d9f   Thumb Code     0  startup_stm32f10x_hd.o(.text)
    EXTI0_IRQHandler                         0x08000d9f   Thumb Code     0  startup_stm32f10x_hd.o(.text)
    EXTI15_10_IRQHandler                     0x08000d9f   Thumb Code     0  startup_stm32f10x_hd.o(.text)
    EXTI1_IRQHandler                         0x08000d9f   Thumb Code     0  startup_stm32f10x_hd.o(.text)
    EXTI2_IRQHandler                         0x08000d9f   Thumb Code     0  startup_stm32f10x_hd.o(.text)
    EXTI3_IRQHandler                         0x08000d9f   Thumb Code     0  startup_stm32f10x_hd.o(.text)
    EXTI4_IRQHandler                         0x08000d9f   Thumb Code     0  startup_stm32f10x_hd.o(.text)
    EXTI9_5_IRQHandler                       0x08000d9f   Thumb Code     0  startup_stm32f10x_hd.o(.text)
    FLASH_IRQHandler                         0x08000d9f   Thumb Code     0  startup_stm32f10x_hd.o(.text)
    FSMC_IRQHandler                          0x08000d9f   Thumb Code     0  startup_stm32f10x_hd.o(.text)
    I2C1_ER_IRQHandler                       0x08000d9f   Thumb Code     0  startup_stm32f10x_hd.o(.text)
    I2C1_EV_IRQHandler                       0x08000d9f   Thumb Code     0  startup_stm32f10x_hd.o(.text)
    I2C2_ER_IRQHandler                       0x08000d9f   Thumb Code     0  startup_stm32f10x_hd.o(.text)
    I2C2_EV_IRQHandler                       0x08000d9f   Thumb Code     0  startup_stm32f10x_hd.o(.text)
    PVD_IRQHandler                           0x08000d9f   Thumb Code     0  startup_stm32f10x_hd.o(.text)
    RCC_IRQHandler                           0x08000d9f   Thumb Code     0  startup_stm32f10x_hd.o(.text)
    RTCAlarm_IRQHandler                      0x08000d9f   Thumb Code     0  startup_stm32f10x_hd.o(.text)
    RTC_IRQHandler                           0x08000d9f   Thumb Code     0  startup_stm32f10x_hd.o(.text)
    SDIO_IRQHandler                          0x08000d9f   Thumb Code     0  startup_stm32f10x_hd.o(.text)
    SPI1_IRQHandler                          0x08000d9f   Thumb Code     0  startup_stm32f10x_hd.o(.text)
    SPI2_IRQHandler                          0x08000d9f   Thumb Code     0  startup_stm32f10x_hd.o(.text)
    SPI3_IRQHandler                          0x08000d9f   Thumb Code     0  startup_stm32f10x_hd.o(.text)
    TAMPER_IRQHandler                        0x08000d9f   Thumb Code     0  startup_stm32f10x_hd.o(.text)
    TIM1_BRK_IRQHandler                      0x08000d9f   Thumb Code     0  startup_stm32f10x_hd.o(.text)
    TIM1_CC_IRQHandler                       0x08000d9f   Thumb Code     0  startup_stm32f10x_hd.o(.text)
    TIM1_TRG_COM_IRQHandler                  0x08000d9f   Thumb Code     0  startup_stm32f10x_hd.o(.text)
    TIM1_UP_IRQHandler                       0x08000d9f   Thumb Code     0  startup_stm32f10x_hd.o(.text)
    TIM2_IRQHandler                          0x08000d9f   Thumb Code     0  startup_stm32f10x_hd.o(.text)
    TIM3_IRQHandler                          0x08000d9f   Thumb Code     0  startup_stm32f10x_hd.o(.text)
    TIM4_IRQHandler                          0x08000d9f   Thumb Code     0  startup_stm32f10x_hd.o(.text)
    TIM5_IRQHandler                          0x08000d9f   Thumb Code     0  startup_stm32f10x_hd.o(.text)
    TIM6_IRQHandler                          0x08000d9f   Thumb Code     0  startup_stm32f10x_hd.o(.text)
    TIM7_IRQHandler                          0x08000d9f   Thumb Code     0  startup_stm32f10x_hd.o(.text)
    TIM8_BRK_IRQHandler                      0x08000d9f   Thumb Code     0  startup_stm32f10x_hd.o(.text)
    TIM8_CC_IRQHandler                       0x08000d9f   Thumb Code     0  startup_stm32f10x_hd.o(.text)
    TIM8_TRG_COM_IRQHandler                  0x08000d9f   Thumb Code     0  startup_stm32f10x_hd.o(.text)
    TIM8_UP_IRQHandler                       0x08000d9f   Thumb Code     0  startup_stm32f10x_hd.o(.text)
    UART4_IRQHandler                         0x08000d9f   Thumb Code     0  startup_stm32f10x_hd.o(.text)
    UART5_IRQHandler                         0x08000d9f   Thumb Code     0  startup_stm32f10x_hd.o(.text)
    USART3_IRQHandler                        0x08000d9f   Thumb Code     0  startup_stm32f10x_hd.o(.text)
    USBWakeUp_IRQHandler                     0x08000d9f   Thumb Code     0  startup_stm32f10x_hd.o(.text)
    USB_HP_CAN1_TX_IRQHandler                0x08000d9f   Thumb Code     0  startup_stm32f10x_hd.o(.text)
    USB_LP_CAN1_RX0_IRQHandler               0x08000d9f   Thumb Code     0  startup_stm32f10x_hd.o(.text)
    WWDG_IRQHandler                          0x08000d9f   Thumb Code     0  startup_stm32f10x_hd.o(.text)
    __user_initial_stackheap                 0x08000da1   Thumb Code     0  startup_stm32f10x_hd.o(.text)
    AgvControlCOMConfig                      0x08000dc5   Thumb Code    32  rs485config.o(.text)
    USART_OUT                                0x08000de5   Thumb Code    46  rs485config.o(.text)
    HardWareInit                             0x08000e55   Thumb Code   136  hardware.o(.text)
    NVIC_Configuration                       0x08000edd   Thumb Code    56  hardware.o(.text)
    SendSpeedToCtrl                          0x08000f25   Thumb Code   264  rs485communicate.o(.text)
    sendMsgTO485                             0x0800102d   Thumb Code    52  rs485communicate.o(.text)
    USART1_IRQHandler                        0x080010ad   Thumb Code    64  magserv.o(.text)
    MagToSpeed                               0x080010ed   Thumb Code    74  magserv.o(.text)
    speedQuery                               0x08001269   Thumb Code     2  speedread.o(.text)
    speedRcv                                 0x0800126b   Thumb Code     2  speedread.o(.text)
    USART2_IRQHandler                        0x0800126d   Thumb Code    34  speedread.o(.text)
    pvPortMalloc                             0x08001295   Thumb Code   172  heap_2.o(.text)
    vPortFree                                0x08001341   Thumb Code    56  heap_2.o(.text)
    xPortGetFreeHeapSize                     0x08001379   Thumb Code     6  heap_2.o(.text)
    vPortInitialiseBlocks                    0x0800137f   Thumb Code     2  heap_2.o(.text)
    vListInitialise                          0x08001389   Thumb Code    22  list.o(.text)
    vListInitialiseItem                      0x0800139f   Thumb Code     6  list.o(.text)
    vListInsertEnd                           0x080013a5   Thumb Code    24  list.o(.text)
    vListInsert                              0x080013bd   Thumb Code    48  list.o(.text)
    uxListRemove                             0x080013ed   Thumb Code    36  list.o(.text)
    pxPortInitialiseStack                    0x08001421   Thumb Code    32  port.o(.text)
    vPortSetupTimerInterrupt                 0x08001441   Thumb Code    14  port.o(.text)
    xPortStartScheduler                      0x0800144f   Thumb Code    38  port.o(.text)
    vPortEndScheduler                        0x08001475   Thumb Code     2  port.o(.text)
    vPortEnterCritical                       0x08001477   Thumb Code    24  port.o(.text)
    vPortExitCritical                        0x0800148f   Thumb Code    16  port.o(.text)
    xPortSysTickHandler                      0x0800149f   Thumb Code    40  port.o(.text)
    xTaskCreate                              0x0800159b   Thumb Code    86  tasks.o(.text)
    vTaskDelete                              0x080015f1   Thumb Code   138  tasks.o(.text)
    xTaskIncrementTick                       0x0800167b   Thumb Code   168  tasks.o(.text)
    xTaskResumeAll                           0x08001723   Thumb Code   168  tasks.o(.text)
    vTaskSuspendAll                          0x08001831   Thumb Code    10  tasks.o(.text)
    vTaskDelayUntil                          0x0800183b   Thumb Code    76  tasks.o(.text)
    vTaskDelay                               0x08001887   Thumb Code    44  tasks.o(.text)
    uxTaskPriorityGet                        0x080018b3   Thumb Code    38  tasks.o(.text)
    uxTaskPriorityGetFromISR                 0x080018d9   Thumb Code    32  tasks.o(.text)
    vTaskPrioritySet                         0x080018f9   Thumb Code   160  tasks.o(.text)
    vTaskSwitchContext                       0x08001999   Thumb Code    60  tasks.o(.text)
    vTaskSuspend                             0x080019d5   Thumb Code   140  tasks.o(.text)
    vTaskResume                              0x08001a61   Thumb Code    96  tasks.o(.text)
    xTaskResumeFromISR                       0x08001ac1   Thumb Code   104  tasks.o(.text)
    vTaskStartScheduler                      0x08001b47   Thumb Code    66  tasks.o(.text)
    vTaskEndScheduler                        0x08001b89   Thumb Code    24  tasks.o(.text)
    xTaskGetTickCount                        0x08001ba1   Thumb Code     6  tasks.o(.text)
    xTaskGetTickCountFromISR                 0x08001ba7   Thumb Code     6  tasks.o(.text)
    uxTaskGetNumberOfTasks                   0x08001bad   Thumb Code     6  tasks.o(.text)
    pcTaskGetName                            0x08001bb3   Thumb Code    10  tasks.o(.text)
    vTaskPlaceOnEventList                    0x08001bbd   Thumb Code    24  tasks.o(.text)
    vTaskPlaceOnUnorderedEventList           0x08001bd5   Thumb Code    36  tasks.o(.text)
    xTaskRemoveFromEventList                 0x08001bf9   Thumb Code    88  tasks.o(.text)
    xTaskRemoveFromUnorderedEventList        0x08001c51   Thumb Code    72  tasks.o(.text)
    vTaskSetTimeOutState                     0x08001c99   Thumb Code    12  tasks.o(.text)
    xTaskCheckForTimeOut                     0x08001ca5   Thumb Code    90  tasks.o(.text)
    vTaskMissedYield                         0x08001cff   Thumb Code     8  tasks.o(.text)
    uxTaskResetEventItemValue                0x08001d07   Thumb Code    20  tasks.o(.text)
    ulTaskNotifyTake                         0x08001d1b   Thumb Code    96  tasks.o(.text)
    xTaskNotifyWait                          0x08001d7b   Thumb Code   128  tasks.o(.text)
    xTaskGenericNotify                       0x08001dfb   Thumb Code   150  tasks.o(.text)
    xTaskGenericNotifyFromISR                0x08001e91   Thumb Code   180  tasks.o(.text)
    vTaskNotifyGiveFromISR                   0x08001f45   Thumb Code   130  tasks.o(.text)
    xTaskNotifyStateClear                    0x08001fc7   Thumb Code    46  tasks.o(.text)
    __use_two_region_memory                  0x0800210b   Thumb Code     2  heapauxi.o(.text)
    __rt_heap_escrow$2region                 0x0800210d   Thumb Code     2  heapauxi.o(.text)
    __rt_heap_expand$2region                 0x0800210f   Thumb Code     2  heapauxi.o(.text)
    __user_setup_stackheap                   0x08002111   Thumb Code    74  sys_stackheap_outer.o(.text)
    exit                                     0x0800215b   Thumb Code    12  exit.o(.text)
    __user_libspace                          0x08002169   Thumb Code     8  libspace.o(.text)
    __user_perproc_libspace                  0x08002169   Thumb Code     0  libspace.o(.text)
    __user_perthread_libspace                0x08002169   Thumb Code     0  libspace.o(.text)
    _sys_exit                                0x08002171   Thumb Code     8  sys_exit.o(.text)
    __I$use$semihosting                      0x0800217d   Thumb Code     0  use_no_semi.o(.text)
    __use_no_semihosting_swi                 0x0800217d   Thumb Code     2  use_no_semi.o(.text)
    __semihosting_library_function           0x0800217f   Thumb Code     0  indicate_semi.o(.text)
    __aeabi_fadd                             0x08002181   Thumb Code     0  faddsub_clz.o(x$fpl$fadd)
    _fadd                                    0x08002181   Thumb Code   196  faddsub_clz.o(x$fpl$fadd)
    __fpl_fcheck_NaN1                        0x08002245   Thumb Code     6  fcheck1.o(x$fpl$fcheck1)
    __fpl_fcmp_Inf                           0x08002251   Thumb Code    24  fcmpi.o(x$fpl$fcmpinf)
    __aeabi_fdiv                             0x08002269   Thumb Code     0  fdiv.o(x$fpl$fdiv)
    _fdiv                                    0x08002269   Thumb Code   384  fdiv.o(x$fpl$fdiv)
    __aeabi_f2iz                             0x080023ed   Thumb Code     0  ffix.o(x$fpl$ffix)
    _ffix                                    0x080023ed   Thumb Code    54  ffix.o(x$fpl$ffix)
    __aeabi_ui2f                             0x08002425   Thumb Code     0  fflt_clz.o(x$fpl$ffltu)
    _ffltu                                   0x08002425   Thumb Code    38  fflt_clz.o(x$fpl$ffltu)
    __aeabi_cfcmple                          0x0800244d   Thumb Code     0  fleqf.o(x$fpl$fleqf)
    _fcmple                                  0x0800244d   Thumb Code   104  fleqf.o(x$fpl$fleqf)
    __fpl_fcmple_InfNaN                      0x0800249f   Thumb Code     0  fleqf.o(x$fpl$fleqf)
    __aeabi_fmul                             0x080024b5   Thumb Code     0  fmul.o(x$fpl$fmul)
    _fmul                                    0x080024b5   Thumb Code   258  fmul.o(x$fpl$fmul)
    __fpl_fnaninf                            0x080025b7   Thumb Code   140  fnaninf.o(x$fpl$fnaninf)
    __fpl_fretinf                            0x08002643   Thumb Code    10  fretinf.o(x$fpl$fretinf)
    __aeabi_cfrcmple                         0x0800264d   Thumb Code     0  frleqf.o(x$fpl$frleqf)
    _frcmple                                 0x0800264d   Thumb Code    98  frleqf.o(x$fpl$frleqf)
    __aeabi_fsub                             0x080026b1   Thumb Code     0  faddsub_clz.o(x$fpl$fsub)
    _fsub                                    0x080026b1   Thumb Code   234  faddsub_clz.o(x$fpl$fsub)
    __fpl_return_NaN                         0x0800279b   Thumb Code   100  retnan.o(x$fpl$retnan)
    __ARM_scalbnf                            0x080027ff   Thumb Code    76  scalbnf.o(x$fpl$scalbnf)
    __fpl_cmpreturn                          0x0800284b   Thumb Code    48  trapv.o(x$fpl$trapveneer)
    __I$use$fp                               0x0800287a   Number         0  usenofp.o(x$fpl$usenofp)
    auchCRCHi                                0x0800287a   Data         256  rs485communicate.o(.constdata)
    auchCRCLo                                0x0800297a   Data         256  rs485communicate.o(.constdata)
    Region$$Table$$Base                      0x08002a7c   Number         0  anon$$obj.o(Region$$Table)
    Region$$Table$$Limit                     0x08002a9c   Number         0  anon$$obj.o(Region$$Table)
    SpeedSendTaskHandle                      0x20000000   Data           4  main.o(.data)
    MagSenseQueryHandle                      0x20000004   Data           4  main.o(.data)
    SpeedReadTaskHandle                      0x20000008   Data           4  main.o(.data)
    SystemCoreClock                          0x20000028   Data           4  system_stm32f10x.o(.data)
    AHBPrescTable                            0x2000002c   Data          16  system_stm32f10x.o(.data)
    MagReceiveCount                          0x20000060   Data           1  magserv.o(.data)
    pxCurrentTCB                             0x2000008c   Data           4  tasks.o(.data)
    MagReceiveDate                           0x200000c8   Data          15  magserv.o(.bss)
    __libspace_start                         0x200045a0   Data          96  libspace.o(.bss)
    __temporary_stack_top$libspace           0x20004600   Data           0  libspace.o(.bss)



==============================================================================

Memory Map of the image

  Image Entry point : 0x08000131

  Load Region LR_IROM1 (Base: 0x08000000, Size: 0x00002b64, Max: 0x00080000, ABSOLUTE)

    Execution Region ER_IROM1 (Base: 0x08000000, Size: 0x00002a9c, Max: 0x00080000, ABSOLUTE)

    Base Addr    Size         Type   Attr      Idx    E Section Name        Object

    0x08000000   0x00000130   Data   RO          426    RESET               startup_stm32f10x_hd.o
    0x08000130   0x00000008   Code   RO          686  * !!!main             c_w.l(__main.o)
    0x08000138   0x00000034   Code   RO          883    !!!scatter          c_w.l(__scatter.o)
    0x0800016c   0x0000001a   Code   RO          885    !!handler_copy      c_w.l(__scatter_copy.o)
    0x08000186   0x00000002   PAD
    0x08000188   0x0000001c   Code   RO          887    !!handler_zi        c_w.l(__scatter_zi.o)
    0x080001a4   0x00000002   Code   RO          754    .ARM.Collect$$libinit$$00000000  c_w.l(libinit.o)
    0x080001a6   0x00000000   Code   RO          763    .ARM.Collect$$libinit$$00000002  c_w.l(libinit2.o)
    0x080001a6   0x00000000   Code   RO          766    .ARM.Collect$$libinit$$00000008  c_w.l(libinit2.o)
    0x080001a6   0x00000000   Code   RO          768    .ARM.Collect$$libinit$$0000000A  c_w.l(libinit2.o)
    0x080001a6   0x00000000   Code   RO          770    .ARM.Collect$$libinit$$0000000C  c_w.l(libinit2.o)
    0x080001a6   0x00000000   Code   RO          773    .ARM.Collect$$libinit$$0000000F  c_w.l(libinit2.o)
    0x080001a6   0x00000000   Code   RO          775    .ARM.Collect$$libinit$$00000011  c_w.l(libinit2.o)
    0x080001a6   0x00000000   Code   RO          777    .ARM.Collect$$libinit$$00000013  c_w.l(libinit2.o)
    0x080001a6   0x00000000   Code   RO          779    .ARM.Collect$$libinit$$00000015  c_w.l(libinit2.o)
    0x080001a6   0x00000000   Code   RO          781    .ARM.Collect$$libinit$$00000017  c_w.l(libinit2.o)
    0x080001a6   0x00000000   Code   RO          783    .ARM.Collect$$libinit$$00000019  c_w.l(libinit2.o)
    0x080001a6   0x00000000   Code   RO          785    .ARM.Collect$$libinit$$0000001B  c_w.l(libinit2.o)
    0x080001a6   0x00000000   Code   RO          787    .ARM.Collect$$libinit$$0000001D  c_w.l(libinit2.o)
    0x080001a6   0x00000000   Code   RO          789    .ARM.Collect$$libinit$$0000001F  c_w.l(libinit2.o)
    0x080001a6   0x00000000   Code   RO          791    .ARM.Collect$$libinit$$00000021  c_w.l(libinit2.o)
    0x080001a6   0x00000000   Code   RO          793    .ARM.Collect$$libinit$$00000023  c_w.l(libinit2.o)
    0x080001a6   0x00000000   Code   RO          797    .ARM.Collect$$libinit$$0000002A  c_w.l(libinit2.o)
    0x080001a6   0x00000000   Code   RO          799    .ARM.Collect$$libinit$$0000002C  c_w.l(libinit2.o)
    0x080001a6   0x00000000   Code   RO          801    .ARM.Collect$$libinit$$0000002E  c_w.l(libinit2.o)
    0x080001a6   0x00000000   Code   RO          803    .ARM.Collect$$libinit$$00000030  c_w.l(libinit2.o)
    0x080001a6   0x00000002   Code   RO          804    .ARM.Collect$$libinit$$00000031  c_w.l(libinit2.o)
    0x080001a8   0x00000002   Code   RO          824    .ARM.Collect$$libshutdown$$00000000  c_w.l(libshutdown.o)
    0x080001aa   0x00000000   Code   RO          838    .ARM.Collect$$libshutdown$$00000003  c_w.l(libshutdown2.o)
    0x080001aa   0x00000000   Code   RO          841    .ARM.Collect$$libshutdown$$00000006  c_w.l(libshutdown2.o)
    0x080001aa   0x00000000   Code   RO          844    .ARM.Collect$$libshutdown$$00000009  c_w.l(libshutdown2.o)
    0x080001aa   0x00000000   Code   RO          846    .ARM.Collect$$libshutdown$$0000000B  c_w.l(libshutdown2.o)
    0x080001aa   0x00000000   Code   RO          849    .ARM.Collect$$libshutdown$$0000000E  c_w.l(libshutdown2.o)
    0x080001aa   0x00000002   Code   RO          850    .ARM.Collect$$libshutdown$$0000000F  c_w.l(libshutdown2.o)
    0x080001ac   0x00000000   Code   RO          716    .ARM.Collect$$rtentry$$00000000  c_w.l(rtentry.o)
    0x080001ac   0x00000000   Code   RO          729    .ARM.Collect$$rtentry$$00000002  c_w.l(rtentry2.o)
    0x080001ac   0x00000006   Code   RO          741    .ARM.Collect$$rtentry$$00000004  c_w.l(rtentry4.o)
    0x080001b2   0x00000000   Code   RO          731    .ARM.Collect$$rtentry$$00000009  c_w.l(rtentry2.o)
    0x080001b2   0x00000004   Code   RO          732    .ARM.Collect$$rtentry$$0000000A  c_w.l(rtentry2.o)
    0x080001b6   0x00000000   Code   RO          734    .ARM.Collect$$rtentry$$0000000C  c_w.l(rtentry2.o)
    0x080001b6   0x00000008   Code   RO          735    .ARM.Collect$$rtentry$$0000000D  c_w.l(rtentry2.o)
    0x080001be   0x00000002   Code   RO          760    .ARM.Collect$$rtexit$$00000000  c_w.l(rtexit.o)
    0x080001c0   0x00000000   Code   RO          806    .ARM.Collect$$rtexit$$00000002  c_w.l(rtexit2.o)
    0x080001c0   0x00000004   Code   RO          807    .ARM.Collect$$rtexit$$00000003  c_w.l(rtexit2.o)
    0x080001c4   0x00000006   Code   RO          808    .ARM.Collect$$rtexit$$00000004  c_w.l(rtexit2.o)
    0x080001ca   0x00000002   PAD
    0x080001cc   0x00000096   Code   RO          578    .emb_text           port.o
    0x08000262   0x00000010   Code   RO            1    .text               stm32f10x_it.o
    0x08000272   0x00000002   PAD
    0x08000274   0x000000bc   Code   RO          110    .text               main.o
    0x08000330   0x000002b8   Code   RO          171    .text               stm32f10x_rcc.o
    0x080005e8   0x00000264   Code   RO          268    .text               stm32f10x_gpio.o
    0x0800084c   0x000000b0   Code   RO          280    .text               misc.o
    0x080008fc   0x00000330   Code   RO          328    .text               stm32f10x_usart.o
    0x08000c2c   0x00000158   Code   RO          387    .text               system_stm32f10x.o
    0x08000d84   0x00000040   Code   RO          427    .text               startup_stm32f10x_hd.o
    0x08000dc4   0x00000054   Code   RO          431    .text               rs485config.o
    0x08000e18   0x0000010c   Code   RO          446    .text               hardware.o
    0x08000f24   0x00000188   Code   RO          458    .text               rs485communicate.o
    0x080010ac   0x000001bc   Code   RO          474    .text               magserv.o
    0x08001268   0x0000002c   Code   RO          491    .text               speedread.o
    0x08001294   0x000000f4   Code   RO          542    .text               heap_2.o
    0x08001388   0x00000088   Code   RO          566    .text               list.o
    0x08001410   0x000000c8   Code   RO          579    .text               port.o
    0x080014d8   0x00000c32   Code   RO          639    .text               tasks.o
    0x0800210a   0x00000006   Code   RO          684    .text               c_w.l(heapauxi.o)
    0x08002110   0x0000004a   Code   RO          745    .text               c_w.l(sys_stackheap_outer.o)
    0x0800215a   0x0000000c   Code   RO          747    .text               c_w.l(exit.o)
    0x08002166   0x00000002   PAD
    0x08002168   0x00000008   Code   RO          757    .text               c_w.l(libspace.o)
    0x08002170   0x0000000c   Code   RO          816    .text               c_w.l(sys_exit.o)
    0x0800217c   0x00000002   Code   RO          827    .text               c_w.l(use_no_semi.o)
    0x0800217e   0x00000000   Code   RO          829    .text               c_w.l(indicate_semi.o)
    0x0800217e   0x00000002   PAD
    0x08002180   0x000000c4   Code   RO          688    x$fpl$fadd          fz_ws.l(faddsub_clz.o)
    0x08002244   0x0000000c   Code   RO          719    x$fpl$fcheck1       fz_ws.l(fcheck1.o)
    0x08002250   0x00000018   Code   RO          721    x$fpl$fcmpinf       fz_ws.l(fcmpi.o)
    0x08002268   0x00000184   Code   RO          695    x$fpl$fdiv          fz_ws.l(fdiv.o)
    0x080023ec   0x00000036   Code   RO          698    x$fpl$ffix          fz_ws.l(ffix.o)
    0x08002422   0x00000002   PAD
    0x08002424   0x00000026   Code   RO          702    x$fpl$ffltu         fz_ws.l(fflt_clz.o)
    0x0800244a   0x00000002   PAD
    0x0800244c   0x00000068   Code   RO          708    x$fpl$fleqf         fz_ws.l(fleqf.o)
    0x080024b4   0x00000102   Code   RO          710    x$fpl$fmul          fz_ws.l(fmul.o)
    0x080025b6   0x0000008c   Code   RO          723    x$fpl$fnaninf       fz_ws.l(fnaninf.o)
    0x08002642   0x0000000a   Code   RO          725    x$fpl$fretinf       fz_ws.l(fretinf.o)
    0x0800264c   0x00000062   Code   RO          712    x$fpl$frleqf        fz_ws.l(frleqf.o)
    0x080026ae   0x00000002   PAD
    0x080026b0   0x000000ea   Code   RO          690    x$fpl$fsub          fz_ws.l(faddsub_clz.o)
    0x0800279a   0x00000064   Code   RO          743    x$fpl$retnan        fz_ws.l(retnan.o)
    0x080027fe   0x0000004c   Code   RO          714    x$fpl$scalbnf       fz_ws.l(scalbnf.o)
    0x0800284a   0x00000030   Code   RO          755    x$fpl$trapveneer    fz_ws.l(trapv.o)
    0x0800287a   0x00000000   Code   RO          727    x$fpl$usenofp       fz_ws.l(usenofp.o)
    0x0800287a   0x00000200   Data   RO          459    .constdata          rs485communicate.o
    0x08002a7a   0x00000002   PAD
    0x08002a7c   0x00000020   Data   RO          881    Region$$Table       anon$$obj.o


    Execution Region RW_IRAM1 (Base: 0x20000000, Size: 0x00004c00, Max: 0x00010000, ABSOLUTE)

    Base Addr    Size         Type   Attr      Idx    E Section Name        Object

    0x20000000   0x00000013   Data   RW          112    .data               main.o
    0x20000013   0x00000014   Data   RW          172    .data               stm32f10x_rcc.o
    0x20000027   0x00000001   PAD
    0x20000028   0x00000014   Data   RW          388    .data               system_stm32f10x.o
    0x2000003c   0x00000021   Data   RW          460    .data               rs485communicate.o
    0x2000005d   0x00000003   PAD
    0x20000060   0x00000010   Data   RW          477    .data               magserv.o
    0x20000070   0x00000018   Data   RW          544    .data               heap_2.o
    0x20000088   0x00000004   Data   RW          580    .data               port.o
    0x2000008c   0x0000003c   Data   RW          641    .data               tasks.o
    0x200000c8   0x0000000f   Zero   RW          475    .bss                magserv.o
    0x200000d7   0x00004400   Zero   RW          543    .bss                heap_2.o
    0x200044d7   0x00000001   PAD
    0x200044d8   0x000000c8   Zero   RW          640    .bss                tasks.o
    0x200045a0   0x00000060   Zero   RW          758    .bss                c_w.l(libspace.o)
    0x20004600   0x00000200   Zero   RW          425    HEAP                startup_stm32f10x_hd.o
    0x20004800   0x00000400   Zero   RW          424    STACK               startup_stm32f10x_hd.o


==============================================================================

Image component sizes


      Code (inc. data)   RO Data    RW Data    ZI Data      Debug   Object Name

         0          0          0          0          0         32   core_cm3.o
         0          0          0          0          0       7012   croutine.o
       268         16          0          0          0       1166   hardware.o
       244          8          0         24      17408       4096   heap_2.o
       136          0          0          0          0       1578   list.o
       444         36          0         16         15       2574   magserv.o
       188         56          0         19          0       9208   main.o
       176         18          0          0          0       1717   misc.o
       350         30          0          4          0       6578   port.o
       392         32        512         33          0       2045   rs485communicate.o
        84          6          0          0          0       1096   rs485config.o
        44          6          0          0          0        672   speedread.o
        64         26        304          0       1536        860   startup_stm32f10x_hd.o
       612         36          0          0          0       4985   stm32f10x_gpio.o
        16          0          0          0          0     224578   stm32f10x_it.o
       696         34          0         20          0     236312   stm32f10x_rcc.o
       816         20          0          0          0       7320   stm32f10x_usart.o
       344         34          0         20          0       1947   system_stm32f10x.o
      3122         62          0         60        200      24201   tasks.o

    ----------------------------------------------------------------------
      7998        420        850        200      19160     537977   Object Totals
         0          0         32          0          0          0   (incl. Generated)
         2          0          2          4          1          0   (incl. Padding)

    ----------------------------------------------------------------------

      Code (inc. data)   RO Data    RW Data    ZI Data      Debug   Library Member Name

         8          0          0          0          0         68   __main.o
        52          8          0          0          0          0   __scatter.o
        26          0          0          0          0          0   __scatter_copy.o
        28          0          0          0          0          0   __scatter_zi.o
        12          0          0          0          0         72   exit.o
         6          0          0          0          0        152   heapauxi.o
         0          0          0          0          0          0   indicate_semi.o
         2          0          0          0          0          0   libinit.o
         2          0          0          0          0          0   libinit2.o
         2          0          0          0          0          0   libshutdown.o
         2          0          0          0          0          0   libshutdown2.o
         8          4          0          0         96         68   libspace.o
         0          0          0          0          0          0   rtentry.o
        12          0          0          0          0          0   rtentry2.o
         6          0          0          0          0          0   rtentry4.o
         2          0          0          0          0          0   rtexit.o
        10          0          0          0          0          0   rtexit2.o
        12          4          0          0          0         68   sys_exit.o
        74          0          0          0          0         80   sys_stackheap_outer.o
         2          0          0          0          0         68   use_no_semi.o
       430          8          0          0          0        168   faddsub_clz.o
        12          4          0          0          0         68   fcheck1.o
        24          0          0          0          0         68   fcmpi.o
       388         76          0          0          0         96   fdiv.o
        54          4          0          0          0         84   ffix.o
        38          0          0          0          0         68   fflt_clz.o
       104          4          0          0          0         84   fleqf.o
       258          4          0          0          0         84   fmul.o
       140          4          0          0          0         84   fnaninf.o
        10          0          0          0          0         68   fretinf.o
        98          0          0          0          0         68   frleqf.o
       100          0          0          0          0         68   retnan.o
        76          0          0          0          0         68   scalbnf.o
        48          0          0          0          0         68   trapv.o
         0          0          0          0          0          0   usenofp.o

    ----------------------------------------------------------------------
      2060        120          0          0         96       1720   Library Totals
        14          0          0          0          0          0   (incl. Padding)

    ----------------------------------------------------------------------

      Code (inc. data)   RO Data    RW Data    ZI Data      Debug   Library Name

       266         16          0          0         96        576   c_w.l
      1780        104          0          0          0       1144   fz_ws.l

    ----------------------------------------------------------------------
      2060        120          0          0         96       1720   Library Totals

    ----------------------------------------------------------------------

==============================================================================


      Code (inc. data)   RO Data    RW Data    ZI Data      Debug   

     10058        540        850        200      19256     536525   Grand Totals
     10058        540        850        200      19256     536525   ELF Image Totals
     10058        540        850        200          0          0   ROM Totals

==============================================================================

    Total RO  Size (Code + RO Data)                10908 (  10.65kB)
    Total RW  Size (RW Data + ZI Data)             19456 (  19.00kB)
    Total ROM Size (Code + RO Data + RW Data)      11108 (  10.85kB)

==============================================================================

